Launching lib/main.dart on iPhone 13 in debug mode...
Running Xcode build...                                          
 └─Compiling, linking and signing...                      1,861ms
Xcode build done.                                            8.9s
Syncing files to device iPhone 13...                            
flutter: \^[[38;5;12m┌───────────────────────────────────────────────────────────────────────────────────────────────────────────────────────<…>
flutter: \^[[38;5;12m│ #0   main (package:bcc5/main.dart:15:10)<…>
flutter: \^[[38;5;12m├┄┄┄┄┄┄┄┄┄┄┄┄┄┄┄┄┄┄┄┄┄┄┄┄┄┄┄┄┄┄┄┄┄┄┄┄┄┄┄┄┄┄┄┄┄┄┄┄┄┄┄┄┄┄┄┄┄┄┄┄┄┄┄┄┄┄┄┄┄┄┄┄┄┄┄┄┄┄┄┄┄┄┄┄┄┄┄┄┄┄┄┄┄┄┄┄┄┄┄┄┄┄┄┄┄┄┄┄┄┄┄┄┄┄┄┄┄┄┄<…>
flutter: \^[[38;5;12m│ 💡 🚀 App Launch | Emergency Reminder: true<…>
flutter: \^[[38;5;12m│ 💡 🚀🚀🚀🚀🚀🚀🚀🚀🚀🚀🚀🚀🚀🚀🚀🚀🚀🚀🚀🚀🚀🚀🚀🚀🚀🚀🚀🚀🚀<…>
flutter: \^[[38;5;12m│ 💡 🌕🌕🌕🌕🌕 APP LAUNCH 🌕🌕🌕🌕🌕<…>
flutter: \^[[38;5;12m│ 💡 🌕🌕🌕🌕🌕 APP LAUNCH 🌕🌕🌕🌕🌕<…>
flutter: \^[[38;5;12m│ 💡 🌕🌕🌕🌕🌕 APP LAUNCH 🌕🌕🌕🌕🌕<…>
flutter: \^[[38;5;12m│ 💡 <…>
flutter: \^[[38;5;12m└───────────────────────────────────────────────────────────────────────────────────────────────────────────────────────<…>
Syncing files to device iPhone 13...                                17ms

Flutter run key commands.
r Hot reload. 🔥🔥🔥
R Hot restart.
h List all available interactive commands.
d Detach (terminate "flutter run" but leave application running).
c Clear the screen
q Quit (terminate the application on the device).

A Dart VM Service on iPhone 13 is available at: http://127.0.0.1:61935/PWBLwmK-z08=/
flutter: \^[[38;5;12m┌───────────────────────────────────────────────────────────────────────────────────────────────────────────────────────<…>
flutter: \^[[38;5;12m│ #0   appRouter.<anonymous closure> (package:bcc5/navigation/app_router.dart:35:16)<…>
flutter: \^[[38;5;12m├┄┄┄┄┄┄┄┄┄┄┄┄┄┄┄┄┄┄┄┄┄┄┄┄┄┄┄┄┄┄┄┄┄┄┄┄┄┄┄┄┄┄┄┄┄┄┄┄┄┄┄┄┄┄┄┄┄┄┄┄┄┄┄┄┄┄┄┄┄┄┄┄┄┄┄┄┄┄┄┄┄┄┄┄┄┄┄┄┄┄┄┄┄┄┄┄┄┄┄┄┄┄┄┄┄┄┄┄┄┄┄┄┄┄┄┄┄┄┄<…>
flutter: \^[[38;5;12m│ 💡 🏁 Entering LandingScreen<…>
flutter: \^[[38;5;12m└───────────────────────────────────────────────────────────────────────────────────────────────────────────────────────<…>
flutter: \^[[38;5;208m┌───────────────────────────────────────────────────────────────────────────────────────────────────────────────────────<…>
flutter: \^[[38;5;208m│ #0   TransitionManager.buildCustomTransition.<anonymous closure> (package:bcc5/utils/transition_manager.dart:94:22)<…>
flutter: \^[[38;5;208m├┄┄┄┄┄┄┄┄┄┄┄┄┄┄┄┄┄┄┄┄┄┄┄┄┄┄┄┄┄┄┄┄┄┄┄┄┄┄┄┄┄┄┄┄┄┄┄┄┄┄┄┄┄┄┄┄┄┄┄┄┄┄┄┄┄┄┄┄┄┄┄┄┄┄┄┄┄┄┄┄┄┄┄┄┄┄┄┄┄┄┄┄┄┄┄┄┄┄┄┄┄┄┄┄┄┄┄┄┄┄┄┄┄┄┄┄┄┄┄<…>
flutter: \^[[38;5;208m│ ⚠️ [TransitionManager] ❗ Missing detailRoute in .extra — defaulting to DetailRoute.branch<…>
flutter: \^[[38;5;208m└───────────────────────────────────────────────────────────────────────────────────────────────────────────────────────<…>
flutter: \^[[38;5;12m┌───────────────────────────────────────────────────────────────────────────────────────────────────────────────────────<…>
flutter: \^[[38;5;12m│ #0   TransitionManager.buildCustomTransition (package:bcc5/utils/transition_manager.dart:111:12)<…>
flutter: \^[[38;5;12m├┄┄┄┄┄┄┄┄┄┄┄┄┄┄┄┄┄┄┄┄┄┄┄┄┄┄┄┄┄┄┄┄┄┄┄┄┄┄┄┄┄┄┄┄┄┄┄┄┄┄┄┄┄┄┄┄┄┄┄┄┄┄┄┄┄┄┄┄┄┄┄┄┄┄┄┄┄┄┄┄┄┄┄┄┄┄┄┄┄┄┄┄┄┄┄┄┄┄┄┄┄┄┄┄┄┄┄┄┄┄┄┄┄┄┄┄┄┄┄<…>
flutter: \^[[38;5;12m│ 💡 [TransitionManager] buildCustomTransition → detailRoute: DetailRoute.branch | transitionType: TransitionType.instant | slideFrom: SlideDirection.none<…>
flutter: \^[[38;5;12m└───────────────────────────────────────────────────────────────────────────────────────────────────────────────────────<…>
flutter: ┌───────────────────────────────────────────────────────────────────────────────────────────────────────────────────────
flutter: │ #0   MainScaffold.build (package:bcc5/navigation/main_scaffold.dart:41:12)
flutter: ├┄┄┄┄┄┄┄┄┄┄┄┄┄┄┄┄┄┄┄┄┄┄┄┄┄┄┄┄┄┄┄┄┄┄┄┄┄┄┄┄┄┄┄┄┄┄┄┄┄┄┄┄┄┄┄┄┄┄┄┄┄┄┄┄┄┄┄┄┄┄┄┄┄┄┄┄┄┄┄┄┄┄┄┄┄┄┄┄┄┄┄┄┄┄┄┄┄┄┄┄┄┄┄┄┄┄┄┄┄┄┄┄┄┄┄┄┄┄┄
flutter: │ 🐛 🔷 Building MainScaffold, tab index: 0
flutter: └───────────────────────────────────────────────────────────────────────────────────────────────────────────────────────
The Flutter DevTools debugger and profiler on iPhone 13 is available at: http://127.0.0.1:9101?uri=http://127.0.0.1:61935/PWBLwmK-z08=/
flutter: \^[[38;5;12m┌───────────────────────────────────────────────────────────────────────────────────────────────────────────────────────<…>
flutter: \^[[38;5;12m│ #0   LandingScreen.build.<anonymous closure> (package:bcc5/screens/landing_screen/landing_screen.dart:119:28)<…>
flutter: \^[[38;5;12m├┄┄┄┄┄┄┄┄┄┄┄┄┄┄┄┄┄┄┄┄┄┄┄┄┄┄┄┄┄┄┄┄┄┄┄┄┄┄┄┄┄┄┄┄┄┄┄┄┄┄┄┄┄┄┄┄┄┄┄┄┄┄┄┄┄┄┄┄┄┄┄┄┄┄┄┄┄┄┄┄┄┄┄┄┄┄┄┄┄┄┄┄┄┄┄┄┄┄┄┄┄┄┄┄┄┄┄┄┄┄┄┄┄┄┄┄┄┄┄<…>
flutter: \^[[38;5;12m│ 💡 📘 Navigating to Competent Crew Path<…>
flutter: \^[[38;5;12m└───────────────────────────────────────────────────────────────────────────────────────────────────────────────────────<…>
flutter: \^[[38;5;12m┌───────────────────────────────────────────────────────────────────────────────────────────────────────────────────────<…>
flutter: \^[[38;5;12m│ #0   TransitionManager.buildCustomTransition (package:bcc5/utils/transition_manager.dart:111:12)<…>
flutter: \^[[38;5;12m├┄┄┄┄┄┄┄┄┄┄┄┄┄┄┄┄┄┄┄┄┄┄┄┄┄┄┄┄┄┄┄┄┄┄┄┄┄┄┄┄┄┄┄┄┄┄┄┄┄┄┄┄┄┄┄┄┄┄┄┄┄┄┄┄┄┄┄┄┄┄┄┄┄┄┄┄┄┄┄┄┄┄┄┄┄┄┄┄┄┄┄┄┄┄┄┄┄┄┄┄┄┄┄┄┄┄┄┄┄┄┄┄┄┄┄┄┄┄┄<…>
flutter: \^[[38;5;12m│ 💡 [TransitionManager] buildCustomTransition → detailRoute: DetailRoute.path | transitionType: TransitionType.slide | slideFrom: SlideDirection.right<…>
flutter: \^[[38;5;12m└───────────────────────────────────────────────────────────────────────────────────────────────────────────────────────<…>
flutter: ┌───────────────────────────────────────────────────────────────────────────────────────────────────────────────────────
flutter: │ #0   MainScaffold.build (package:bcc5/navigation/main_scaffold.dart:41:12)
flutter: ├┄┄┄┄┄┄┄┄┄┄┄┄┄┄┄┄┄┄┄┄┄┄┄┄┄┄┄┄┄┄┄┄┄┄┄┄┄┄┄┄┄┄┄┄┄┄┄┄┄┄┄┄┄┄┄┄┄┄┄┄┄┄┄┄┄┄┄┄┄┄┄┄┄┄┄┄┄┄┄┄┄┄┄┄┄┄┄┄┄┄┄┄┄┄┄┄┄┄┄┄┄┄┄┄┄┄┄┄┄┄┄┄┄┄┄┄┄┄┄
flutter: │ 🐛 🔷 Building MainScaffold, tab index: 0
flutter: └───────────────────────────────────────────────────────────────────────────────────────────────────────────────────────
flutter: \^[[38;5;12m┌───────────────────────────────────────────────────────────────────────────────────────────────────────────────────────<…>
flutter: \^[[38;5;12m│ #0   _PathChapterScreenState.build (package:bcc5/screens/paths/path_chapter_screen.dart:40:12)<…>
flutter: \^[[38;5;12m├┄┄┄┄┄┄┄┄┄┄┄┄┄┄┄┄┄┄┄┄┄┄┄┄┄┄┄┄┄┄┄┄┄┄┄┄┄┄┄┄┄┄┄┄┄┄┄┄┄┄┄┄┄┄┄┄┄┄┄┄┄┄┄┄┄┄┄┄┄┄┄┄┄┄┄┄┄┄┄┄┄┄┄┄┄┄┄┄┄┄┄┄┄┄┄┄┄┄┄┄┄┄┄┄┄┄┄┄┄┄┄┄┄┄┄┄┄┄┄<…>
flutter: \^[[38;5;12m│ 💡 🟢 Entered PathChapterScreen for "competent crew"<…>
flutter: \^[[38;5;12m└───────────────────────────────────────────────────────────────────────────────────────────────────────────────────────<…>
flutter: \^[[38;5;12m┌───────────────────────────────────────────────────────────────────────────────────────────────────────────────────────<…>
flutter: \^[[38;5;12m│ #0   _PathChapterScreenState.build (package:bcc5/screens/paths/path_chapter_screen.dart:44:12)<…>
flutter: \^[[38;5;12m├┄┄┄┄┄┄┄┄┄┄┄┄┄┄┄┄┄┄┄┄┄┄┄┄┄┄┄┄┄┄┄┄┄┄┄┄┄┄┄┄┄┄┄┄┄┄┄┄┄┄┄┄┄┄┄┄┄┄┄┄┄┄┄┄┄┄┄┄┄┄┄┄┄┄┄┄┄┄┄┄┄┄┄┄┄┄┄┄┄┄┄┄┄┄┄┄┄┄┄┄┄┄┄┄┄┄┄┄┄┄┄┄┄┄┄┄┄┄┄<…>
flutter: \^[[38;5;12m│ 💡 📚 Found 6 chapters for "competent crew"<…>
flutter: \^[[38;5;12m└───────────────────────────────────────────────────────────────────────────────────────────────────────────────────────<…>
flutter: \^[[38;5;12m┌───────────────────────────────────────────────────────────────────────────────────────────────────────────────────────<…>
flutter: \^[[38;5;12m│ #0   _PathChapterScreenState.build.<anonymous closure> (package:bcc5/screens/paths/path_chapter_screen.dart:80:26)<…>
flutter: \^[[38;5;12m├┄┄┄┄┄┄┄┄┄┄┄┄┄┄┄┄┄┄┄┄┄┄┄┄┄┄┄┄┄┄┄┄┄┄┄┄┄┄┄┄┄┄┄┄┄┄┄┄┄┄┄┄┄┄┄┄┄┄┄┄┄┄┄┄┄┄┄┄┄┄┄┄┄┄┄┄┄┄┄┄┄┄┄┄┄┄┄┄┄┄┄┄┄┄┄┄┄┄┄┄┄┄┄┄┄┄┄┄┄┄┄┄┄┄┄┄┄┄┄<…>
flutter: \^[[38;5;12m│ 💡 ⛵ Set sail on a new course tapped → competent crew<…>
flutter: \^[[38;5;12m└───────────────────────────────────────────────────────────────────────────────────────────────────────────────────────<…>
flutter: \^[[38;5;12m┌───────────────────────────────────────────────────────────────────────────────────────────────────────────────────────<…>
flutter: \^[[38;5;12m│ #0   buildRenderItems (package:bcc5/utils/render_item_helpers.dart:9:10)<…>
flutter: \^[[38;5;12m├┄┄┄┄┄┄┄┄┄┄┄┄┄┄┄┄┄┄┄┄┄┄┄┄┄┄┄┄┄┄┄┄┄┄┄┄┄┄┄┄┄┄┄┄┄┄┄┄┄┄┄┄┄┄┄┄┄┄┄┄┄┄┄┄┄┄┄┄┄┄┄┄┄┄┄┄┄┄┄┄┄┄┄┄┄┄┄┄┄┄┄┄┄┄┄┄┄┄┄┄┄┄┄┄┄┄┄┄┄┄┄┄┄┄┄┄┄┄┄<…>
flutter: \^[[38;5;12m│ 💡 🛠️ buildRenderItems → ids: [part_deck_2.00, lesson_dock_1.00, lesson_dock_3.00]<…>
flutter: \^[[38;5;12m└───────────────────────────────────────────────────────────────────────────────────────────────────────────────────────<…>
flutter: ┌───────────────────────────────────────────────────────────────────────────────────────────────────────────────────────
flutter: │ #0   buildRenderItems (package:bcc5/utils/render_item_helpers.dart:25:10)
flutter: ├┄┄┄┄┄┄┄┄┄┄┄┄┄┄┄┄┄┄┄┄┄┄┄┄┄┄┄┄┄┄┄┄┄┄┄┄┄┄┄┄┄┄┄┄┄┄┄┄┄┄┄┄┄┄┄┄┄┄┄┄┄┄┄┄┄┄┄┄┄┄┄┄┄┄┄┄┄┄┄┄┄┄┄┄┄┄┄┄┄┄┄┄┄┄┄┄┄┄┄┄┄┄┄┄┄┄┄┄┄┄┄┄┄┄┄┄┄┄┄
flutter: │ 🐛 📦 buildRenderItems summary:
flutter: │ 🐛   • valid: 3
flutter: │ 🐛   • invalid: 0
flutter: └───────────────────────────────────────────────────────────────────────────────────────────────────────────────────────
flutter: \^[[38;5;12m┌───────────────────────────────────────────────────────────────────────────────────────────────────────────────────────<…>
flutter: \^[[38;5;12m│ #0   TransitionManager.goToDetailScreen (package:bcc5/utils/transition_manager.dart:43:12)<…>
flutter: \^[[38;5;12m├┄┄┄┄┄┄┄┄┄┄┄┄┄┄┄┄┄┄┄┄┄┄┄┄┄┄┄┄┄┄┄┄┄┄┄┄┄┄┄┄┄┄┄┄┄┄┄┄┄┄┄┄┄┄┄┄┄┄┄┄┄┄┄┄┄┄┄┄┄┄┄┄┄┄┄┄┄┄┄┄┄┄┄┄┄┄┄┄┄┄┄┄┄┄┄┄┄┄┄┄┄┄┄┄┄┄┄┄┄┄┄┄┄┄┄┄┄┄┄<…>
flutter: \^[[38;5;12m│ 💡 [TransitionManager] goToDetailScreen → type: RenderItemType.part | route: /parts/detail | index: 0<…>
flutter: \^[[38;5;12m│ 💡 → detailRoute: DetailRoute.path | direction: SlideDirection.right<…>
flutter: \^[[38;5;12m│ 💡 → backDestination: /learning-paths/competent-crew/items | transitionKey: [#08398]<…>
flutter: \^[[38;5;12m└───────────────────────────────────────────────────────────────────────────────────────────────────────────────────────<…>
flutter: \^[[38;5;12m┌───────────────────────────────────────────────────────────────────────────────────────────────────────────────────────<…>
flutter: \^[[38;5;12m│ #0   ResumeManager.saveResumePoint (package:bcc5/utils/resume_manager.dart:57:12)<…>
flutter: \^[[38;5;12m├┄┄┄┄┄┄┄┄┄┄┄┄┄┄┄┄┄┄┄┄┄┄┄┄┄┄┄┄┄┄┄┄┄┄┄┄┄┄┄┄┄┄┄┄┄┄┄┄┄┄┄┄┄┄┄┄┄┄┄┄┄┄┄┄┄┄┄┄┄┄┄┄┄┄┄┄┄┄┄┄┄┄┄┄┄┄┄┄┄┄┄┄┄┄┄┄┄┄┄┄┄┄┄┄┄┄┄┄┄┄┄┄┄┄┄┄┄┄┄<…>
flutter: \^[[38;5;12m│ 💡 💾 Saved resume point → competent crew / path_competentCrew_1.00 / part_deck_2.00<…>
flutter: \^[[38;5;12m└───────────────────────────────────────────────────────────────────────────────────────────────────────────────────────<…>

══╡ EXCEPTION CAUGHT BY WIDGETS LIBRARY ╞═══════════════════════════════════════════════════════════
The following _TypeError was thrown building _CustomNavigator-[GlobalObjectKey int#9c859](state:
_CustomNavigatorState#6d5c3):
type 'Null' is not a subtype of type 'GlobalKey<State<StatefulWidget>>'

The relevant error-causing widget was:
  _CustomNavigator-[GlobalObjectKey int#9c859]
  _CustomNavigator:file:///Users/david/.pub-cache/hosted/pub.dev/go_router-14.8.1/lib/src/builder.dart:112:7

When the exception was thrown, this was the stack:
#0      appRouter.<anonymous closure> (package:bcc5/navigation/app_router.dart:366:29)
#1      _CustomNavigatorState._buildPageForGoRoute (package:go_router/src/builder.dart:247:45)
#2      _CustomNavigatorState._buildPage (package:go_router/src/builder.dart:233:14)
#3      _CustomNavigatorState._updatePages (package:go_router/src/builder.dart:213:37)
#4      _CustomNavigatorState.build (package:go_router/src/builder.dart:431:7)
#5      StatefulElement.build (package:flutter/src/widgets/framework.dart:5841:27)
#6      ComponentElement.performRebuild (package:flutter/src/widgets/framework.dart:5733:15)
#7      StatefulElement.performRebuild (package:flutter/src/widgets/framework.dart:5892:11)
#8      Element.rebuild (package:flutter/src/widgets/framework.dart:5445:7)
#9      StatefulElement.update (package:flutter/src/widgets/framework.dart:5917:5)
#10     Element.updateChild (package:flutter/src/widgets/framework.dart:3998:15)
#11     ComponentElement.performRebuild (package:flutter/src/widgets/framework.dart:5756:16)
#12     Element.rebuild (package:flutter/src/widgets/framework.dart:5445:7)
#13     ProxyElement.update (package:flutter/src/widgets/framework.dart:6059:5)
#14     Element.updateChild (package:flutter/src/widgets/framework.dart:3998:15)
#15     ComponentElement.performRebuild (package:flutter/src/widgets/framework.dart:5756:16)
#16     Element.rebuild (package:flutter/src/widgets/framework.dart:5445:7)
#17     StatelessElement.update (package:flutter/src/widgets/framework.dart:5805:5)
#18     Element.updateChild (package:flutter/src/widgets/framework.dart:3998:15)
#19     ComponentElement.performRebuild (package:flutter/src/widgets/framework.dart:5756:16)
#20     Element.rebuild (package:flutter/src/widgets/framework.dart:5445:7)
#21     ProxyElement.update (package:flutter/src/widgets/framework.dart:6059:5)
#22     Element.updateChild (package:flutter/src/widgets/framework.dart:3998:15)
#23     ComponentElement.performRebuild (package:flutter/src/widgets/framework.dart:5756:16)
#24     Element.rebuild (package:flutter/src/widgets/framework.dart:5445:7)
#25     ProxyElement.update (package:flutter/src/widgets/framework.dart:6059:5)
#26     Element.updateChild (package:flutter/src/widgets/framework.dart:3998:15)
#27     ComponentElement.performRebuild (package:flutter/src/widgets/framework.dart:5756:16)
#28     StatefulElement.performRebuild (package:flutter/src/widgets/framework.dart:5892:11)
#29     Element.rebuild (package:flutter/src/widgets/framework.dart:5445:7)
#30     BuildScope._tryRebuild (package:flutter/src/widgets/framework.dart:2704:15)
#31     BuildScope._flushDirtyElements (package:flutter/src/widgets/framework.dart:2762:11)
#32     BuildOwner.buildScope (package:flutter/src/widgets/framework.dart:3066:18)
#33     WidgetsBinding.drawFrame (package:flutter/src/widgets/binding.dart:1229:21)
#34     RendererBinding._handlePersistentFrameCallback (package:flutter/src/rendering/binding.dart:482:5)
#35     SchedulerBinding._invokeFrameCallback (package:flutter/src/scheduler/binding.dart:1442:15)
#36     SchedulerBinding.handleDrawFrame (package:flutter/src/scheduler/binding.dart:1355:9)
#37     SchedulerBinding._handleDrawFrame (package:flutter/src/scheduler/binding.dart:1208:5)
#38     _invoke (dart:ui/hooks.dart:316:13)
#39     PlatformDispatcher._drawFrame (dart:ui/platform_dispatcher.dart:428:5)
#40     _drawFrame (dart:ui/hooks.dart:288:31)

════════════════════════════════════════════════════════════════════════════════════════════════════


Performing hot restart...                                       
Restarted application in 274ms.
flutter: \^[[38;5;12m┌───────────────────────────────────────────────────────────────────────────────────────────────────────────────────────<…>
flutter: \^[[38;5;12m│ #0   main (package:bcc5/main.dart:15:10)<…>
flutter: \^[[38;5;12m├┄┄┄┄┄┄┄┄┄┄┄┄┄┄┄┄┄┄┄┄┄┄┄┄┄┄┄┄┄┄┄┄┄┄┄┄┄┄┄┄┄┄┄┄┄┄┄┄┄┄┄┄┄┄┄┄┄┄┄┄┄┄┄┄┄┄┄┄┄┄┄┄┄┄┄┄┄┄┄┄┄┄┄┄┄┄┄┄┄┄┄┄┄┄┄┄┄┄┄┄┄┄┄┄┄┄┄┄┄┄┄┄┄┄┄┄┄┄┄<…>
flutter: \^[[38;5;12m│ 💡 🚀 App Launch | Emergency Reminder: true<…>
flutter: \^[[38;5;12m│ 💡 🚀🚀🚀🚀🚀🚀🚀🚀🚀🚀🚀🚀🚀🚀🚀🚀🚀🚀🚀🚀🚀🚀🚀🚀🚀🚀🚀🚀🚀<…>
flutter: \^[[38;5;12m│ 💡 🌕🌕🌕🌕🌕 APP LAUNCH 🌕🌕🌕🌕🌕<…>
flutter: \^[[38;5;12m│ 💡 🌕🌕🌕🌕🌕 APP LAUNCH 🌕🌕🌕🌕🌕<…>
flutter: \^[[38;5;12m│ 💡 🌕🌕🌕🌕🌕 APP LAUNCH 🌕🌕🌕🌕🌕<…>
flutter: \^[[38;5;12m│ 💡 <…>
flutter: \^[[38;5;12m└───────────────────────────────────────────────────────────────────────────────────────────────────────────────────────<…>
flutter: \^[[38;5;12m┌───────────────────────────────────────────────────────────────────────────────────────────────────────────────────────<…>
flutter: \^[[38;5;12m│ #0   appRouter.<anonymous closure> (package:bcc5/navigation/app_router.dart:35:16)<…>
flutter: \^[[38;5;12m├┄┄┄┄┄┄┄┄┄┄┄┄┄┄┄┄┄┄┄┄┄┄┄┄┄┄┄┄┄┄┄┄┄┄┄┄┄┄┄┄┄┄┄┄┄┄┄┄┄┄┄┄┄┄┄┄┄┄┄┄┄┄┄┄┄┄┄┄┄┄┄┄┄┄┄┄┄┄┄┄┄┄┄┄┄┄┄┄┄┄┄┄┄┄┄┄┄┄┄┄┄┄┄┄┄┄┄┄┄┄┄┄┄┄┄┄┄┄┄<…>
flutter: \^[[38;5;12m│ 💡 🏁 Entering LandingScreen<…>
flutter: \^[[38;5;12m└───────────────────────────────────────────────────────────────────────────────────────────────────────────────────────<…>
flutter: \^[[38;5;208m┌───────────────────────────────────────────────────────────────────────────────────────────────────────────────────────<…>
flutter: \^[[38;5;208m│ #0   TransitionManager.buildCustomTransition.<anonymous closure> (package:bcc5/utils/transition_manager.dart:94:22)<…>
flutter: \^[[38;5;208m├┄┄┄┄┄┄┄┄┄┄┄┄┄┄┄┄┄┄┄┄┄┄┄┄┄┄┄┄┄┄┄┄┄┄┄┄┄┄┄┄┄┄┄┄┄┄┄┄┄┄┄┄┄┄┄┄┄┄┄┄┄┄┄┄┄┄┄┄┄┄┄┄┄┄┄┄┄┄┄┄┄┄┄┄┄┄┄┄┄┄┄┄┄┄┄┄┄┄┄┄┄┄┄┄┄┄┄┄┄┄┄┄┄┄┄┄┄┄┄<…>
flutter: \^[[38;5;208m│ ⚠️ [TransitionManager] ❗ Missing detailRoute in .extra — defaulting to DetailRoute.branch<…>
flutter: \^[[38;5;208m└───────────────────────────────────────────────────────────────────────────────────────────────────────────────────────<…>
flutter: \^[[38;5;12m┌───────────────────────────────────────────────────────────────────────────────────────────────────────────────────────<…>
flutter: \^[[38;5;12m│ #0   TransitionManager.buildCustomTransition (package:bcc5/utils/transition_manager.dart:111:12)<…>
flutter: \^[[38;5;12m├┄┄┄┄┄┄┄┄┄┄┄┄┄┄┄┄┄┄┄┄┄┄┄┄┄┄┄┄┄┄┄┄┄┄┄┄┄┄┄┄┄┄┄┄┄┄┄┄┄┄┄┄┄┄┄┄┄┄┄┄┄┄┄┄┄┄┄┄┄┄┄┄┄┄┄┄┄┄┄┄┄┄┄┄┄┄┄┄┄┄┄┄┄┄┄┄┄┄┄┄┄┄┄┄┄┄┄┄┄┄┄┄┄┄┄┄┄┄┄<…>
flutter: \^[[38;5;12m│ 💡 [TransitionManager] buildCustomTransition → detailRoute: DetailRoute.branch | transitionType: TransitionType.instant | slideFrom: SlideDirection.none<…>
flutter: \^[[38;5;12m└───────────────────────────────────────────────────────────────────────────────────────────────────────────────────────<…>
flutter: ┌───────────────────────────────────────────────────────────────────────────────────────────────────────────────────────
flutter: │ #0   MainScaffold.build (package:bcc5/navigation/main_scaffold.dart:41:12)
flutter: ├┄┄┄┄┄┄┄┄┄┄┄┄┄┄┄┄┄┄┄┄┄┄┄┄┄┄┄┄┄┄┄┄┄┄┄┄┄┄┄┄┄┄┄┄┄┄┄┄┄┄┄┄┄┄┄┄┄┄┄┄┄┄┄┄┄┄┄┄┄┄┄┄┄┄┄┄┄┄┄┄┄┄┄┄┄┄┄┄┄┄┄┄┄┄┄┄┄┄┄┄┄┄┄┄┄┄┄┄┄┄┄┄┄┄┄┄┄┄┄
flutter: │ 🐛 🔷 Building MainScaffold, tab index: 0
flutter: └───────────────────────────────────────────────────────────────────────────────────────────────────────────────────────
flutter: \^[[38;5;12m┌───────────────────────────────────────────────────────────────────────────────────────────────────────────────────────<…>
flutter: \^[[38;5;12m│ #0   LandingScreen.build.<anonymous closure> (package:bcc5/screens/landing_screen/landing_screen.dart:119:28)<…>
flutter: \^[[38;5;12m├┄┄┄┄┄┄┄┄┄┄┄┄┄┄┄┄┄┄┄┄┄┄┄┄┄┄┄┄┄┄┄┄┄┄┄┄┄┄┄┄┄┄┄┄┄┄┄┄┄┄┄┄┄┄┄┄┄┄┄┄┄┄┄┄┄┄┄┄┄┄┄┄┄┄┄┄┄┄┄┄┄┄┄┄┄┄┄┄┄┄┄┄┄┄┄┄┄┄┄┄┄┄┄┄┄┄┄┄┄┄┄┄┄┄┄┄┄┄┄<…>
flutter: \^[[38;5;12m│ 💡 📘 Navigating to Competent Crew Path<…>
flutter: \^[[38;5;12m└───────────────────────────────────────────────────────────────────────────────────────────────────────────────────────<…>
flutter: \^[[38;5;12m┌───────────────────────────────────────────────────────────────────────────────────────────────────────────────────────<…>
flutter: \^[[38;5;12m│ #0   TransitionManager.buildCustomTransition (package:bcc5/utils/transition_manager.dart:111:12)<…>
flutter: \^[[38;5;12m├┄┄┄┄┄┄┄┄┄┄┄┄┄┄┄┄┄┄┄┄┄┄┄┄┄┄┄┄┄┄┄┄┄┄┄┄┄┄┄┄┄┄┄┄┄┄┄┄┄┄┄┄┄┄┄┄┄┄┄┄┄┄┄┄┄┄┄┄┄┄┄┄┄┄┄┄┄┄┄┄┄┄┄┄┄┄┄┄┄┄┄┄┄┄┄┄┄┄┄┄┄┄┄┄┄┄┄┄┄┄┄┄┄┄┄┄┄┄┄<…>
flutter: \^[[38;5;12m│ 💡 [TransitionManager] buildCustomTransition → detailRoute: DetailRoute.path | transitionType: TransitionType.slide | slideFrom: SlideDirection.right<…>
flutter: \^[[38;5;12m└───────────────────────────────────────────────────────────────────────────────────────────────────────────────────────<…>
flutter: ┌───────────────────────────────────────────────────────────────────────────────────────────────────────────────────────
flutter: │ #0   MainScaffold.build (package:bcc5/navigation/main_scaffold.dart:41:12)
flutter: ├┄┄┄┄┄┄┄┄┄┄┄┄┄┄┄┄┄┄┄┄┄┄┄┄┄┄┄┄┄┄┄┄┄┄┄┄┄┄┄┄┄┄┄┄┄┄┄┄┄┄┄┄┄┄┄┄┄┄┄┄┄┄┄┄┄┄┄┄┄┄┄┄┄┄┄┄┄┄┄┄┄┄┄┄┄┄┄┄┄┄┄┄┄┄┄┄┄┄┄┄┄┄┄┄┄┄┄┄┄┄┄┄┄┄┄┄┄┄┄
flutter: │ 🐛 🔷 Building MainScaffold, tab index: 0
flutter: └───────────────────────────────────────────────────────────────────────────────────────────────────────────────────────
flutter: \^[[38;5;12m┌───────────────────────────────────────────────────────────────────────────────────────────────────────────────────────<…>
flutter: \^[[38;5;12m│ #0   _PathChapterScreenState.build (package:bcc5/screens/paths/path_chapter_screen.dart:40:12)<…>
flutter: \^[[38;5;12m├┄┄┄┄┄┄┄┄┄┄┄┄┄┄┄┄┄┄┄┄┄┄┄┄┄┄┄┄┄┄┄┄┄┄┄┄┄┄┄┄┄┄┄┄┄┄┄┄┄┄┄┄┄┄┄┄┄┄┄┄┄┄┄┄┄┄┄┄┄┄┄┄┄┄┄┄┄┄┄┄┄┄┄┄┄┄┄┄┄┄┄┄┄┄┄┄┄┄┄┄┄┄┄┄┄┄┄┄┄┄┄┄┄┄┄┄┄┄┄<…>
flutter: \^[[38;5;12m│ 💡 🟢 Entered PathChapterScreen for "competent crew"<…>
flutter: \^[[38;5;12m└───────────────────────────────────────────────────────────────────────────────────────────────────────────────────────<…>
flutter: \^[[38;5;12m┌───────────────────────────────────────────────────────────────────────────────────────────────────────────────────────<…>
flutter: \^[[38;5;12m│ #0   _PathChapterScreenState.build (package:bcc5/screens/paths/path_chapter_screen.dart:44:12)<…>
flutter: \^[[38;5;12m├┄┄┄┄┄┄┄┄┄┄┄┄┄┄┄┄┄┄┄┄┄┄┄┄┄┄┄┄┄┄┄┄┄┄┄┄┄┄┄┄┄┄┄┄┄┄┄┄┄┄┄┄┄┄┄┄┄┄┄┄┄┄┄┄┄┄┄┄┄┄┄┄┄┄┄┄┄┄┄┄┄┄┄┄┄┄┄┄┄┄┄┄┄┄┄┄┄┄┄┄┄┄┄┄┄┄┄┄┄┄┄┄┄┄┄┄┄┄┄<…>
flutter: \^[[38;5;12m│ 💡 📚 Found 6 chapters for "competent crew"<…>
flutter: \^[[38;5;12m└───────────────────────────────────────────────────────────────────────────────────────────────────────────────────────<…>

Performing hot restart...                                       
Restarted application in 268ms.
flutter: \^[[38;5;12m┌───────────────────────────────────────────────────────────────────────────────────────────────────────────────────────<…>
flutter: \^[[38;5;12m│ #0   main (package:bcc5/main.dart:15:10)<…>
flutter: \^[[38;5;12m├┄┄┄┄┄┄┄┄┄┄┄┄┄┄┄┄┄┄┄┄┄┄┄┄┄┄┄┄┄┄┄┄┄┄┄┄┄┄┄┄┄┄┄┄┄┄┄┄┄┄┄┄┄┄┄┄┄┄┄┄┄┄┄┄┄┄┄┄┄┄┄┄┄┄┄┄┄┄┄┄┄┄┄┄┄┄┄┄┄┄┄┄┄┄┄┄┄┄┄┄┄┄┄┄┄┄┄┄┄┄┄┄┄┄┄┄┄┄┄<…>
flutter: \^[[38;5;12m│ 💡 🚀 App Launch | Emergency Reminder: true<…>
flutter: \^[[38;5;12m│ 💡 🚀🚀🚀🚀🚀🚀🚀🚀🚀🚀🚀🚀🚀🚀🚀🚀🚀🚀🚀🚀🚀🚀🚀🚀🚀🚀🚀🚀🚀<…>
flutter: \^[[38;5;12m│ 💡 🌕🌕🌕🌕🌕 APP LAUNCH 🌕🌕🌕🌕🌕<…>
flutter: \^[[38;5;12m│ 💡 🌕🌕🌕🌕🌕 APP LAUNCH 🌕🌕🌕🌕🌕<…>
flutter: \^[[38;5;12m│ 💡 🌕🌕🌕🌕🌕 APP LAUNCH 🌕🌕🌕🌕🌕<…>
flutter: \^[[38;5;12m│ 💡 <…>
flutter: \^[[38;5;12m└───────────────────────────────────────────────────────────────────────────────────────────────────────────────────────<…>
flutter: \^[[38;5;12m┌───────────────────────────────────────────────────────────────────────────────────────────────────────────────────────<…>
flutter: \^[[38;5;12m│ #0   appRouter.<anonymous closure> (package:bcc5/navigation/app_router.dart:35:16)<…>
flutter: \^[[38;5;12m├┄┄┄┄┄┄┄┄┄┄┄┄┄┄┄┄┄┄┄┄┄┄┄┄┄┄┄┄┄┄┄┄┄┄┄┄┄┄┄┄┄┄┄┄┄┄┄┄┄┄┄┄┄┄┄┄┄┄┄┄┄┄┄┄┄┄┄┄┄┄┄┄┄┄┄┄┄┄┄┄┄┄┄┄┄┄┄┄┄┄┄┄┄┄┄┄┄┄┄┄┄┄┄┄┄┄┄┄┄┄┄┄┄┄┄┄┄┄┄<…>
flutter: \^[[38;5;12m│ 💡 🏁 Entering LandingScreen<…>
flutter: \^[[38;5;12m└───────────────────────────────────────────────────────────────────────────────────────────────────────────────────────<…>
flutter: \^[[38;5;208m┌───────────────────────────────────────────────────────────────────────────────────────────────────────────────────────<…>
flutter: \^[[38;5;208m│ #0   TransitionManager.buildCustomTransition.<anonymous closure> (package:bcc5/utils/transition_manager.dart:94:22)<…>
flutter: \^[[38;5;208m├┄┄┄┄┄┄┄┄┄┄┄┄┄┄┄┄┄┄┄┄┄┄┄┄┄┄┄┄┄┄┄┄┄┄┄┄┄┄┄┄┄┄┄┄┄┄┄┄┄┄┄┄┄┄┄┄┄┄┄┄┄┄┄┄┄┄┄┄┄┄┄┄┄┄┄┄┄┄┄┄┄┄┄┄┄┄┄┄┄┄┄┄┄┄┄┄┄┄┄┄┄┄┄┄┄┄┄┄┄┄┄┄┄┄┄┄┄┄┄<…>
flutter: \^[[38;5;208m│ ⚠️ [TransitionManager] ❗ Missing detailRoute in .extra — defaulting to DetailRoute.branch<…>
flutter: \^[[38;5;208m└───────────────────────────────────────────────────────────────────────────────────────────────────────────────────────<…>
flutter: \^[[38;5;12m┌───────────────────────────────────────────────────────────────────────────────────────────────────────────────────────<…>
flutter: \^[[38;5;12m│ #0   TransitionManager.buildCustomTransition (package:bcc5/utils/transition_manager.dart:111:12)<…>
flutter: \^[[38;5;12m├┄┄┄┄┄┄┄┄┄┄┄┄┄┄┄┄┄┄┄┄┄┄┄┄┄┄┄┄┄┄┄┄┄┄┄┄┄┄┄┄┄┄┄┄┄┄┄┄┄┄┄┄┄┄┄┄┄┄┄┄┄┄┄┄┄┄┄┄┄┄┄┄┄┄┄┄┄┄┄┄┄┄┄┄┄┄┄┄┄┄┄┄┄┄┄┄┄┄┄┄┄┄┄┄┄┄┄┄┄┄┄┄┄┄┄┄┄┄┄<…>
flutter: \^[[38;5;12m│ 💡 [TransitionManager] buildCustomTransition → detailRoute: DetailRoute.branch | transitionType: TransitionType.instant | slideFrom: SlideDirection.none<…>
flutter: \^[[38;5;12m└───────────────────────────────────────────────────────────────────────────────────────────────────────────────────────<…>
flutter: ┌───────────────────────────────────────────────────────────────────────────────────────────────────────────────────────
flutter: │ #0   MainScaffold.build (package:bcc5/navigation/main_scaffold.dart:41:12)
flutter: ├┄┄┄┄┄┄┄┄┄┄┄┄┄┄┄┄┄┄┄┄┄┄┄┄┄┄┄┄┄┄┄┄┄┄┄┄┄┄┄┄┄┄┄┄┄┄┄┄┄┄┄┄┄┄┄┄┄┄┄┄┄┄┄┄┄┄┄┄┄┄┄┄┄┄┄┄┄┄┄┄┄┄┄┄┄┄┄┄┄┄┄┄┄┄┄┄┄┄┄┄┄┄┄┄┄┄┄┄┄┄┄┄┄┄┄┄┄┄┄
flutter: │ 🐛 🔷 Building MainScaffold, tab index: 0
flutter: └───────────────────────────────────────────────────────────────────────────────────────────────────────────────────────
flutter: \^[[38;5;12m┌───────────────────────────────────────────────────────────────────────────────────────────────────────────────────────<…>
flutter: \^[[38;5;12m│ #0   MainScaffold._onItemTapped (package:bcc5/navigation/main_scaffold.dart:24:12)<…>
flutter: \^[[38;5;12m├┄┄┄┄┄┄┄┄┄┄┄┄┄┄┄┄┄┄┄┄┄┄┄┄┄┄┄┄┄┄┄┄┄┄┄┄┄┄┄┄┄┄┄┄┄┄┄┄┄┄┄┄┄┄┄┄┄┄┄┄┄┄┄┄┄┄┄┄┄┄┄┄┄┄┄┄┄┄┄┄┄┄┄┄┄┄┄┄┄┄┄┄┄┄┄┄┄┄┄┄┄┄┄┄┄┄┄┄┄┄┄┄┄┄┄┄┄┄┄<…>
flutter: \^[[38;5;12m│ 💡 🧭 BNB tapped tab 1 — switching via GoRouter<…>
flutter: \^[[38;5;12m└───────────────────────────────────────────────────────────────────────────────────────────────────────────────────────<…>
flutter: \^[[38;5;12m┌───────────────────────────────────────────────────────────────────────────────────────────────────────────────────────<…>
flutter: \^[[38;5;12m│ #0   appRouter.<anonymous closure> (package:bcc5/navigation/app_router.dart:182:16)<…>
flutter: \^[[38;5;12m├┄┄┄┄┄┄┄┄┄┄┄┄┄┄┄┄┄┄┄┄┄┄┄┄┄┄┄┄┄┄┄┄┄┄┄┄┄┄┄┄┄┄┄┄┄┄┄┄┄┄┄┄┄┄┄┄┄┄┄┄┄┄┄┄┄┄┄┄┄┄┄┄┄┄┄┄┄┄┄┄┄┄┄┄┄┄┄┄┄┄┄┄┄┄┄┄┄┄┄┄┄┄┄┄┄┄┄┄┄┄┄┄┄┄┄┄┄┄┄<…>
flutter: \^[[38;5;12m│ 💡 📘 Entering LessonModuleScreen<…>
flutter: \^[[38;5;12m└───────────────────────────────────────────────────────────────────────────────────────────────────────────────────────<…>
flutter: \^[[38;5;12m┌───────────────────────────────────────────────────────────────────────────────────────────────────────────────────────<…>
flutter: \^[[38;5;12m│ #0   TransitionManager.buildCustomTransition (package:bcc5/utils/transition_manager.dart:111:12)<…>
flutter: \^[[38;5;12m├┄┄┄┄┄┄┄┄┄┄┄┄┄┄┄┄┄┄┄┄┄┄┄┄┄┄┄┄┄┄┄┄┄┄┄┄┄┄┄┄┄┄┄┄┄┄┄┄┄┄┄┄┄┄┄┄┄┄┄┄┄┄┄┄┄┄┄┄┄┄┄┄┄┄┄┄┄┄┄┄┄┄┄┄┄┄┄┄┄┄┄┄┄┄┄┄┄┄┄┄┄┄┄┄┄┄┄┄┄┄┄┄┄┄┄┄┄┄┄<…>
flutter: \^[[38;5;12m│ 💡 [TransitionManager] buildCustomTransition → detailRoute: DetailRoute.branch | transitionType: TransitionType.instant | slideFrom: SlideDirection.none<…>
flutter: \^[[38;5;12m└───────────────────────────────────────────────────────────────────────────────────────────────────────────────────────<…>
flutter: ┌───────────────────────────────────────────────────────────────────────────────────────────────────────────────────────
flutter: │ #0   MainScaffold.build (package:bcc5/navigation/main_scaffold.dart:41:12)
flutter: ├┄┄┄┄┄┄┄┄┄┄┄┄┄┄┄┄┄┄┄┄┄┄┄┄┄┄┄┄┄┄┄┄┄┄┄┄┄┄┄┄┄┄┄┄┄┄┄┄┄┄┄┄┄┄┄┄┄┄┄┄┄┄┄┄┄┄┄┄┄┄┄┄┄┄┄┄┄┄┄┄┄┄┄┄┄┄┄┄┄┄┄┄┄┄┄┄┄┄┄┄┄┄┄┄┄┄┄┄┄┄┄┄┄┄┄┄┄┄┄
flutter: │ 🐛 🔷 Building MainScaffold, tab index: 1
flutter: └───────────────────────────────────────────────────────────────────────────────────────────────────────────────────────
flutter: \^[[38;5;12m┌───────────────────────────────────────────────────────────────────────────────────────────────────────────────────────<…>
flutter: \^[[38;5;12m│ #0   LessonModuleScreen.build (package:bcc5/screens/lessons/lesson_module_screen.dart:30:12)<…>
flutter: \^[[38;5;12m├┄┄┄┄┄┄┄┄┄┄┄┄┄┄┄┄┄┄┄┄┄┄┄┄┄┄┄┄┄┄┄┄┄┄┄┄┄┄┄┄┄┄┄┄┄┄┄┄┄┄┄┄┄┄┄┄┄┄┄┄┄┄┄┄┄┄┄┄┄┄┄┄┄┄┄┄┄┄┄┄┄┄┄┄┄┄┄┄┄┄┄┄┄┄┄┄┄┄┄┄┄┄┄┄┄┄┄┄┄┄┄┄┄┄┄┄┄┄┄<…>
flutter: \^[[38;5;12m│ 💡 🟦 Entered LessonModuleScreen<…>
flutter: \^[[38;5;12m└───────────────────────────────────────────────────────────────────────────────────────────────────────────────────────<…>
flutter: \^[[38;5;12m┌───────────────────────────────────────────────────────────────────────────────────────────────────────────────────────<…>
flutter: \^[[38;5;12m│ #0   LessonModuleScreen.build.<anonymous closure>.<anonymous closure> (package:bcc5/screens/lessons/lesson_module_screen.dart:67:28)<…>
flutter: \^[[38;5;12m├┄┄┄┄┄┄┄┄┄┄┄┄┄┄┄┄┄┄┄┄┄┄┄┄┄┄┄┄┄┄┄┄┄┄┄┄┄┄┄┄┄┄┄┄┄┄┄┄┄┄┄┄┄┄┄┄┄┄┄┄┄┄┄┄┄┄┄┄┄┄┄┄┄┄┄┄┄┄┄┄┄┄┄┄┄┄┄┄┄┄┄┄┄┄┄┄┄┄┄┄┄┄┄┄┄┄┄┄┄┄┄┄┄┄┄┄┄┄┄<…>
flutter: \^[[38;5;12m│ 💡 📘 Tapped Module: docking<…>
flutter: \^[[38;5;12m└───────────────────────────────────────────────────────────────────────────────────────────────────────────────────────<…>
flutter: \^[[38;5;12m┌───────────────────────────────────────────────────────────────────────────────────────────────────────────────────────<…>
flutter: \^[[38;5;12m│ #0   appRouter.<anonymous closure> (package:bcc5/navigation/app_router.dart:182:16)<…>
flutter: \^[[38;5;12m├┄┄┄┄┄┄┄┄┄┄┄┄┄┄┄┄┄┄┄┄┄┄┄┄┄┄┄┄┄┄┄┄┄┄┄┄┄┄┄┄┄┄┄┄┄┄┄┄┄┄┄┄┄┄┄┄┄┄┄┄┄┄┄┄┄┄┄┄┄┄┄┄┄┄┄┄┄┄┄┄┄┄┄┄┄┄┄┄┄┄┄┄┄┄┄┄┄┄┄┄┄┄┄┄┄┄┄┄┄┄┄┄┄┄┄┄┄┄┄<…>
flutter: \^[[38;5;12m│ 💡 📘 Entering LessonModuleScreen<…>
flutter: \^[[38;5;12m└───────────────────────────────────────────────────────────────────────────────────────────────────────────────────────<…>
flutter: \^[[38;5;12m┌───────────────────────────────────────────────────────────────────────────────────────────────────────────────────────<…>
flutter: \^[[38;5;12m│ #0   TransitionManager.buildCustomTransition (package:bcc5/utils/transition_manager.dart:111:12)<…>
flutter: \^[[38;5;12m├┄┄┄┄┄┄┄┄┄┄┄┄┄┄┄┄┄┄┄┄┄┄┄┄┄┄┄┄┄┄┄┄┄┄┄┄┄┄┄┄┄┄┄┄┄┄┄┄┄┄┄┄┄┄┄┄┄┄┄┄┄┄┄┄┄┄┄┄┄┄┄┄┄┄┄┄┄┄┄┄┄┄┄┄┄┄┄┄┄┄┄┄┄┄┄┄┄┄┄┄┄┄┄┄┄┄┄┄┄┄┄┄┄┄┄┄┄┄┄<…>
flutter: \^[[38;5;12m│ 💡 [TransitionManager] buildCustomTransition → detailRoute: DetailRoute.branch | transitionType: TransitionType.instant | slideFrom: SlideDirection.none<…>
flutter: \^[[38;5;12m└───────────────────────────────────────────────────────────────────────────────────────────────────────────────────────<…>
flutter: \^[[38;5;12m┌───────────────────────────────────────────────────────────────────────────────────────────────────────────────────────<…>
flutter: \^[[38;5;12m│ #0   appRouter.<anonymous closure> (package:bcc5/navigation/app_router.dart:234:16)<…>
flutter: \^[[38;5;12m├┄┄┄┄┄┄┄┄┄┄┄┄┄┄┄┄┄┄┄┄┄┄┄┄┄┄┄┄┄┄┄┄┄┄┄┄┄┄┄┄┄┄┄┄┄┄┄┄┄┄┄┄┄┄┄┄┄┄┄┄┄┄┄┄┄┄┄┄┄┄┄┄┄┄┄┄┄┄┄┄┄┄┄┄┄┄┄┄┄┄┄┄┄┄┄┄┄┄┄┄┄┄┄┄┄┄┄┄┄┄┄┄┄┄┄┄┄┄┄<…>
flutter: \^[[38;5;12m│ 💡 📘 Navigating to LessonItemScreen for module: docking | detailRoute: DetailRoute.branch<…>
flutter: \^[[38;5;12m└───────────────────────────────────────────────────────────────────────────────────────────────────────────────────────<…>

══╡ EXCEPTION CAUGHT BY WIDGETS LIBRARY ╞═══════════════════════════════════════════════════════════
The following _TypeError was thrown building _CustomNavigator-[GlobalObjectKey int#a2d95](state:
_CustomNavigatorState#c8440):
type 'Null' is not a subtype of type 'GlobalKey<State<StatefulWidget>>'

The relevant error-causing widget was:
  _CustomNavigator-[GlobalObjectKey int#a2d95]
  _CustomNavigator:file:///Users/david/.pub-cache/hosted/pub.dev/go_router-14.8.1/lib/src/builder.dart:112:7

When the exception was thrown, this was the stack:
#0      appRouter.<anonymous closure> (package:bcc5/navigation/app_router.dart:248:29)
#1      _CustomNavigatorState._buildPageForGoRoute (package:go_router/src/builder.dart:247:45)
#2      _CustomNavigatorState._buildPage (package:go_router/src/builder.dart:233:14)
#3      _CustomNavigatorState._updatePages (package:go_router/src/builder.dart:213:37)
#4      _CustomNavigatorState.build (package:go_router/src/builder.dart:431:7)
#5      StatefulElement.build (package:flutter/src/widgets/framework.dart:5841:27)
#6      ComponentElement.performRebuild (package:flutter/src/widgets/framework.dart:5733:15)
#7      StatefulElement.performRebuild (package:flutter/src/widgets/framework.dart:5892:11)
#8      Element.rebuild (package:flutter/src/widgets/framework.dart:5445:7)
#9      StatefulElement.update (package:flutter/src/widgets/framework.dart:5917:5)
#10     Element.updateChild (package:flutter/src/widgets/framework.dart:3998:15)
#11     ComponentElement.performRebuild (package:flutter/src/widgets/framework.dart:5756:16)
#12     Element.rebuild (package:flutter/src/widgets/framework.dart:5445:7)
#13     ProxyElement.update (package:flutter/src/widgets/framework.dart:6059:5)
#14     Element.updateChild (package:flutter/src/widgets/framework.dart:3998:15)
#15     ComponentElement.performRebuild (package:flutter/src/widgets/framework.dart:5756:16)
#16     Element.rebuild (package:flutter/src/widgets/framework.dart:5445:7)
#17     StatelessElement.update (package:flutter/src/widgets/framework.dart:5805:5)
#18     Element.updateChild (package:flutter/src/widgets/framework.dart:3998:15)
#19     ComponentElement.performRebuild (package:flutter/src/widgets/framework.dart:5756:16)
#20     Element.rebuild (package:flutter/src/widgets/framework.dart:5445:7)
#21     ProxyElement.update (package:flutter/src/widgets/framework.dart:6059:5)
#22     Element.updateChild (package:flutter/src/widgets/framework.dart:3998:15)
#23     ComponentElement.performRebuild (package:flutter/src/widgets/framework.dart:5756:16)
#24     Element.rebuild (package:flutter/src/widgets/framework.dart:5445:7)
#25     ProxyElement.update (package:flutter/src/widgets/framework.dart:6059:5)
#26     Element.updateChild (package:flutter/src/widgets/framework.dart:3998:15)
#27     ComponentElement.performRebuild (package:flutter/src/widgets/framework.dart:5756:16)
#28     StatefulElement.performRebuild (package:flutter/src/widgets/framework.dart:5892:11)
#29     Element.rebuild (package:flutter/src/widgets/framework.dart:5445:7)
#30     BuildScope._tryRebuild (package:flutter/src/widgets/framework.dart:2704:15)
#31     BuildScope._flushDirtyElements (package:flutter/src/widgets/framework.dart:2762:11)
#32     BuildOwner.buildScope (package:flutter/src/widgets/framework.dart:3066:18)
#33     WidgetsBinding.drawFrame (package:flutter/src/widgets/binding.dart:1229:21)
#34     RendererBinding._handlePersistentFrameCallback (package:flutter/src/rendering/binding.dart:482:5)
#35     SchedulerBinding._invokeFrameCallback (package:flutter/src/scheduler/binding.dart:1442:15)
#36     SchedulerBinding.handleDrawFrame (package:flutter/src/scheduler/binding.dart:1355:9)
#37     SchedulerBinding._handleDrawFrame (package:flutter/src/scheduler/binding.dart:1208:5)
#38     _invoke (dart:ui/hooks.dart:316:13)
#39     PlatformDispatcher._drawFrame (dart:ui/platform_dispatcher.dart:428:5)
#40     _drawFrame (dart:ui/hooks.dart:288:31)

════════════════════════════════════════════════════════════════════════════════════════════════════


Performing hot restart...                                       
Restarted application in 240ms.
flutter: \^[[38;5;12m┌───────────────────────────────────────────────────────────────────────────────────────────────────────────────────────<…>
flutter: \^[[38;5;12m│ #0   main (package:bcc5/main.dart:15:10)<…>
flutter: \^[[38;5;12m├┄┄┄┄┄┄┄┄┄┄┄┄┄┄┄┄┄┄┄┄┄┄┄┄┄┄┄┄┄┄┄┄┄┄┄┄┄┄┄┄┄┄┄┄┄┄┄┄┄┄┄┄┄┄┄┄┄┄┄┄┄┄┄┄┄┄┄┄┄┄┄┄┄┄┄┄┄┄┄┄┄┄┄┄┄┄┄┄┄┄┄┄┄┄┄┄┄┄┄┄┄┄┄┄┄┄┄┄┄┄┄┄┄┄┄┄┄┄┄<…>
flutter: \^[[38;5;12m│ 💡 🚀 App Launch | Emergency Reminder: true<…>
flutter: \^[[38;5;12m│ 💡 🚀🚀🚀🚀🚀🚀🚀🚀🚀🚀🚀🚀🚀🚀🚀🚀🚀🚀🚀🚀🚀🚀🚀🚀🚀🚀🚀🚀🚀<…>
flutter: \^[[38;5;12m│ 💡 🌕🌕🌕🌕🌕 APP LAUNCH 🌕🌕🌕🌕🌕<…>
flutter: \^[[38;5;12m│ 💡 🌕🌕🌕🌕🌕 APP LAUNCH 🌕🌕🌕🌕🌕<…>
flutter: \^[[38;5;12m│ 💡 🌕🌕🌕🌕🌕 APP LAUNCH 🌕🌕🌕🌕🌕<…>
flutter: \^[[38;5;12m│ 💡 <…>
flutter: \^[[38;5;12m└───────────────────────────────────────────────────────────────────────────────────────────────────────────────────────<…>
flutter: \^[[38;5;12m┌───────────────────────────────────────────────────────────────────────────────────────────────────────────────────────<…>
flutter: \^[[38;5;12m│ #0   appRouter.<anonymous closure> (package:bcc5/navigation/app_router.dart:35:16)<…>
flutter: \^[[38;5;12m├┄┄┄┄┄┄┄┄┄┄┄┄┄┄┄┄┄┄┄┄┄┄┄┄┄┄┄┄┄┄┄┄┄┄┄┄┄┄┄┄┄┄┄┄┄┄┄┄┄┄┄┄┄┄┄┄┄┄┄┄┄┄┄┄┄┄┄┄┄┄┄┄┄┄┄┄┄┄┄┄┄┄┄┄┄┄┄┄┄┄┄┄┄┄┄┄┄┄┄┄┄┄┄┄┄┄┄┄┄┄┄┄┄┄┄┄┄┄┄<…>
flutter: \^[[38;5;12m│ 💡 🏁 Entering LandingScreen<…>
flutter: \^[[38;5;12m└───────────────────────────────────────────────────────────────────────────────────────────────────────────────────────<…>
flutter: \^[[38;5;208m┌───────────────────────────────────────────────────────────────────────────────────────────────────────────────────────<…>
flutter: \^[[38;5;208m│ #0   TransitionManager.buildCustomTransition.<anonymous closure> (package:bcc5/utils/transition_manager.dart:94:22)<…>
flutter: \^[[38;5;208m├┄┄┄┄┄┄┄┄┄┄┄┄┄┄┄┄┄┄┄┄┄┄┄┄┄┄┄┄┄┄┄┄┄┄┄┄┄┄┄┄┄┄┄┄┄┄┄┄┄┄┄┄┄┄┄┄┄┄┄┄┄┄┄┄┄┄┄┄┄┄┄┄┄┄┄┄┄┄┄┄┄┄┄┄┄┄┄┄┄┄┄┄┄┄┄┄┄┄┄┄┄┄┄┄┄┄┄┄┄┄┄┄┄┄┄┄┄┄┄<…>
flutter: \^[[38;5;208m│ ⚠️ [TransitionManager] ❗ Missing detailRoute in .extra — defaulting to DetailRoute.branch<…>
flutter: \^[[38;5;208m└───────────────────────────────────────────────────────────────────────────────────────────────────────────────────────<…>
flutter: \^[[38;5;12m┌───────────────────────────────────────────────────────────────────────────────────────────────────────────────────────<…>
flutter: \^[[38;5;12m│ #0   TransitionManager.buildCustomTransition (package:bcc5/utils/transition_manager.dart:111:12)<…>
flutter: \^[[38;5;12m├┄┄┄┄┄┄┄┄┄┄┄┄┄┄┄┄┄┄┄┄┄┄┄┄┄┄┄┄┄┄┄┄┄┄┄┄┄┄┄┄┄┄┄┄┄┄┄┄┄┄┄┄┄┄┄┄┄┄┄┄┄┄┄┄┄┄┄┄┄┄┄┄┄┄┄┄┄┄┄┄┄┄┄┄┄┄┄┄┄┄┄┄┄┄┄┄┄┄┄┄┄┄┄┄┄┄┄┄┄┄┄┄┄┄┄┄┄┄┄<…>
flutter: \^[[38;5;12m│ 💡 [TransitionManager] buildCustomTransition → detailRoute: DetailRoute.branch | transitionType: TransitionType.instant | slideFrom: SlideDirection.none<…>
flutter: \^[[38;5;12m└───────────────────────────────────────────────────────────────────────────────────────────────────────────────────────<…>
flutter: ┌───────────────────────────────────────────────────────────────────────────────────────────────────────────────────────
flutter: │ #0   MainScaffold.build (package:bcc5/navigation/main_scaffold.dart:41:12)
flutter: ├┄┄┄┄┄┄┄┄┄┄┄┄┄┄┄┄┄┄┄┄┄┄┄┄┄┄┄┄┄┄┄┄┄┄┄┄┄┄┄┄┄┄┄┄┄┄┄┄┄┄┄┄┄┄┄┄┄┄┄┄┄┄┄┄┄┄┄┄┄┄┄┄┄┄┄┄┄┄┄┄┄┄┄┄┄┄┄┄┄┄┄┄┄┄┄┄┄┄┄┄┄┄┄┄┄┄┄┄┄┄┄┄┄┄┄┄┄┄┄
flutter: │ 🐛 🔷 Building MainScaffold, tab index: 0
flutter: └───────────────────────────────────────────────────────────────────────────────────────────────────────────────────────
flutter: \^[[38;5;12m┌───────────────────────────────────────────────────────────────────────────────────────────────────────────────────────<…>
flutter: \^[[38;5;12m│ #0   LandingScreen.build.<anonymous closure> (package:bcc5/screens/landing_screen/landing_screen.dart:119:28)<…>
flutter: \^[[38;5;12m├┄┄┄┄┄┄┄┄┄┄┄┄┄┄┄┄┄┄┄┄┄┄┄┄┄┄┄┄┄┄┄┄┄┄┄┄┄┄┄┄┄┄┄┄┄┄┄┄┄┄┄┄┄┄┄┄┄┄┄┄┄┄┄┄┄┄┄┄┄┄┄┄┄┄┄┄┄┄┄┄┄┄┄┄┄┄┄┄┄┄┄┄┄┄┄┄┄┄┄┄┄┄┄┄┄┄┄┄┄┄┄┄┄┄┄┄┄┄┄<…>
flutter: \^[[38;5;12m│ 💡 📘 Navigating to Competent Crew Path<…>
flutter: \^[[38;5;12m└───────────────────────────────────────────────────────────────────────────────────────────────────────────────────────<…>
flutter: \^[[38;5;12m┌───────────────────────────────────────────────────────────────────────────────────────────────────────────────────────<…>
flutter: \^[[38;5;12m│ #0   TransitionManager.buildCustomTransition (package:bcc5/utils/transition_manager.dart:111:12)<…>
flutter: \^[[38;5;12m├┄┄┄┄┄┄┄┄┄┄┄┄┄┄┄┄┄┄┄┄┄┄┄┄┄┄┄┄┄┄┄┄┄┄┄┄┄┄┄┄┄┄┄┄┄┄┄┄┄┄┄┄┄┄┄┄┄┄┄┄┄┄┄┄┄┄┄┄┄┄┄┄┄┄┄┄┄┄┄┄┄┄┄┄┄┄┄┄┄┄┄┄┄┄┄┄┄┄┄┄┄┄┄┄┄┄┄┄┄┄┄┄┄┄┄┄┄┄┄<…>
flutter: \^[[38;5;12m│ 💡 [TransitionManager] buildCustomTransition → detailRoute: DetailRoute.path | transitionType: TransitionType.slide | slideFrom: SlideDirection.right<…>
flutter: \^[[38;5;12m└───────────────────────────────────────────────────────────────────────────────────────────────────────────────────────<…>
flutter: ┌───────────────────────────────────────────────────────────────────────────────────────────────────────────────────────
flutter: │ #0   MainScaffold.build (package:bcc5/navigation/main_scaffold.dart:41:12)
flutter: ├┄┄┄┄┄┄┄┄┄┄┄┄┄┄┄┄┄┄┄┄┄┄┄┄┄┄┄┄┄┄┄┄┄┄┄┄┄┄┄┄┄┄┄┄┄┄┄┄┄┄┄┄┄┄┄┄┄┄┄┄┄┄┄┄┄┄┄┄┄┄┄┄┄┄┄┄┄┄┄┄┄┄┄┄┄┄┄┄┄┄┄┄┄┄┄┄┄┄┄┄┄┄┄┄┄┄┄┄┄┄┄┄┄┄┄┄┄┄┄
flutter: │ 🐛 🔷 Building MainScaffold, tab index: 0
flutter: └───────────────────────────────────────────────────────────────────────────────────────────────────────────────────────
flutter: \^[[38;5;12m┌───────────────────────────────────────────────────────────────────────────────────────────────────────────────────────<…>
flutter: \^[[38;5;12m│ #0   _PathChapterScreenState.build (package:bcc5/screens/paths/path_chapter_screen.dart:40:12)<…>
flutter: \^[[38;5;12m├┄┄┄┄┄┄┄┄┄┄┄┄┄┄┄┄┄┄┄┄┄┄┄┄┄┄┄┄┄┄┄┄┄┄┄┄┄┄┄┄┄┄┄┄┄┄┄┄┄┄┄┄┄┄┄┄┄┄┄┄┄┄┄┄┄┄┄┄┄┄┄┄┄┄┄┄┄┄┄┄┄┄┄┄┄┄┄┄┄┄┄┄┄┄┄┄┄┄┄┄┄┄┄┄┄┄┄┄┄┄┄┄┄┄┄┄┄┄┄<…>
flutter: \^[[38;5;12m│ 💡 🟢 Entered PathChapterScreen for "competent crew"<…>
flutter: \^[[38;5;12m└───────────────────────────────────────────────────────────────────────────────────────────────────────────────────────<…>
flutter: \^[[38;5;12m┌───────────────────────────────────────────────────────────────────────────────────────────────────────────────────────<…>
flutter: \^[[38;5;12m│ #0   _PathChapterScreenState.build (package:bcc5/screens/paths/path_chapter_screen.dart:44:12)<…>
flutter: \^[[38;5;12m├┄┄┄┄┄┄┄┄┄┄┄┄┄┄┄┄┄┄┄┄┄┄┄┄┄┄┄┄┄┄┄┄┄┄┄┄┄┄┄┄┄┄┄┄┄┄┄┄┄┄┄┄┄┄┄┄┄┄┄┄┄┄┄┄┄┄┄┄┄┄┄┄┄┄┄┄┄┄┄┄┄┄┄┄┄┄┄┄┄┄┄┄┄┄┄┄┄┄┄┄┄┄┄┄┄┄┄┄┄┄┄┄┄┄┄┄┄┄┄<…>
flutter: \^[[38;5;12m│ 💡 📚 Found 6 chapters for "competent crew"<…>
flutter: \^[[38;5;12m└───────────────────────────────────────────────────────────────────────────────────────────────────────────────────────<…>
flutter: \^[[38;5;12m┌───────────────────────────────────────────────────────────────────────────────────────────────────────────────────────<…>
flutter: \^[[38;5;12m│ #0   _PathChapterScreenState.build.<anonymous closure>.<anonymous closure> (package:bcc5/screens/paths/path_chapter_screen.dart:254:34)<…>
flutter: \^[[38;5;12m├┄┄┄┄┄┄┄┄┄┄┄┄┄┄┄┄┄┄┄┄┄┄┄┄┄┄┄┄┄┄┄┄┄┄┄┄┄┄┄┄┄┄┄┄┄┄┄┄┄┄┄┄┄┄┄┄┄┄┄┄┄┄┄┄┄┄┄┄┄┄┄┄┄┄┄┄┄┄┄┄┄┄┄┄┄┄┄┄┄┄┄┄┄┄┄┄┄┄┄┄┄┄┄┄┄┄┄┄┄┄┄┄┄┄┄┄┄┄┄<…>
flutter: \^[[38;5;12m│ 💡 📗 Tapped Chapter: 1: Prepare in Advance (path_competentCrew_1.00)<…>
flutter: \^[[38;5;12m└───────────────────────────────────────────────────────────────────────────────────────────────────────────────────────<…>
flutter: \^[[38;5;12m┌───────────────────────────────────────────────────────────────────────────────────────────────────────────────────────<…>
flutter: \^[[38;5;12m│ #0   TransitionManager.buildCustomTransition (package:bcc5/utils/transition_manager.dart:111:12)<…>
flutter: \^[[38;5;12m├┄┄┄┄┄┄┄┄┄┄┄┄┄┄┄┄┄┄┄┄┄┄┄┄┄┄┄┄┄┄┄┄┄┄┄┄┄┄┄┄┄┄┄┄┄┄┄┄┄┄┄┄┄┄┄┄┄┄┄┄┄┄┄┄┄┄┄┄┄┄┄┄┄┄┄┄┄┄┄┄┄┄┄┄┄┄┄┄┄┄┄┄┄┄┄┄┄┄┄┄┄┄┄┄┄┄┄┄┄┄┄┄┄┄┄┄┄┄┄<…>
flutter: \^[[38;5;12m│ 💡 [TransitionManager] buildCustomTransition → detailRoute: DetailRoute.path | transitionType: TransitionType.slide | slideFrom: SlideDirection.right<…>
flutter: \^[[38;5;12m└───────────────────────────────────────────────────────────────────────────────────────────────────────────────────────<…>
flutter: \^[[38;5;12m┌───────────────────────────────────────────────────────────────────────────────────────────────────────────────────────<…>
flutter: \^[[38;5;12m│ #0   TransitionManager.buildCustomTransition (package:bcc5/utils/transition_manager.dart:111:12)<…>
flutter: \^[[38;5;12m├┄┄┄┄┄┄┄┄┄┄┄┄┄┄┄┄┄┄┄┄┄┄┄┄┄┄┄┄┄┄┄┄┄┄┄┄┄┄┄┄┄┄┄┄┄┄┄┄┄┄┄┄┄┄┄┄┄┄┄┄┄┄┄┄┄┄┄┄┄┄┄┄┄┄┄┄┄┄┄┄┄┄┄┄┄┄┄┄┄┄┄┄┄┄┄┄┄┄┄┄┄┄┄┄┄┄┄┄┄┄┄┄┄┄┄┄┄┄┄<…>
flutter: \^[[38;5;12m│ 💡 [TransitionManager] buildCustomTransition → detailRoute: DetailRoute.path | transitionType: TransitionType.slide | slideFrom: SlideDirection.right<…>
flutter: \^[[38;5;12m└───────────────────────────────────────────────────────────────────────────────────────────────────────────────────────<…>
flutter: ┌───────────────────────────────────────────────────────────────────────────────────────────────────────────────────────
flutter: │ #0   MainScaffold.build (package:bcc5/navigation/main_scaffold.dart:41:12)
flutter: ├┄┄┄┄┄┄┄┄┄┄┄┄┄┄┄┄┄┄┄┄┄┄┄┄┄┄┄┄┄┄┄┄┄┄┄┄┄┄┄┄┄┄┄┄┄┄┄┄┄┄┄┄┄┄┄┄┄┄┄┄┄┄┄┄┄┄┄┄┄┄┄┄┄┄┄┄┄┄┄┄┄┄┄┄┄┄┄┄┄┄┄┄┄┄┄┄┄┄┄┄┄┄┄┄┄┄┄┄┄┄┄┄┄┄┄┄┄┄┄
flutter: │ 🐛 🔷 Building MainScaffold, tab index: 0
flutter: └───────────────────────────────────────────────────────────────────────────────────────────────────────────────────────
flutter: \^[[38;5;12m┌───────────────────────────────────────────────────────────────────────────────────────────────────────────────────────<…>
flutter: \^[[38;5;12m│ #0   PathItemScreen.build (package:bcc5/screens/paths/path_item_screen.dart:34:12)<…>
flutter: \^[[38;5;12m├┄┄┄┄┄┄┄┄┄┄┄┄┄┄┄┄┄┄┄┄┄┄┄┄┄┄┄┄┄┄┄┄┄┄┄┄┄┄┄┄┄┄┄┄┄┄┄┄┄┄┄┄┄┄┄┄┄┄┄┄┄┄┄┄┄┄┄┄┄┄┄┄┄┄┄┄┄┄┄┄┄┄┄┄┄┄┄┄┄┄┄┄┄┄┄┄┄┄┄┄┄┄┄┄┄┄┄┄┄┄┄┄┄┄┄┄┄┄┄<…>
flutter: \^[[38;5;12m│ 💡 📘 Building PathItemScreen for path "competent crew", chapter "path_competentCrew_1.00"<…>
flutter: \^[[38;5;12m└───────────────────────────────────────────────────────────────────────────────────────────────────────────────────────<…>
flutter: \^[[38;5;12m┌───────────────────────────────────────────────────────────────────────────────────────────────────────────────────────<…>
flutter: \^[[38;5;12m│ #0   buildRenderItems (package:bcc5/utils/render_item_helpers.dart:9:10)<…>
flutter: \^[[38;5;12m├┄┄┄┄┄┄┄┄┄┄┄┄┄┄┄┄┄┄┄┄┄┄┄┄┄┄┄┄┄┄┄┄┄┄┄┄┄┄┄┄┄┄┄┄┄┄┄┄┄┄┄┄┄┄┄┄┄┄┄┄┄┄┄┄┄┄┄┄┄┄┄┄┄┄┄┄┄┄┄┄┄┄┄┄┄┄┄┄┄┄┄┄┄┄┄┄┄┄┄┄┄┄┄┄┄┄┄┄┄┄┄┄┄┄┄┄┄┄┄<…>
flutter: \^[[38;5;12m│ 💡 🛠️ buildRenderItems → ids: [part_deck_2.00, lesson_dock_1.00, lesson_dock_3.00]<…>
flutter: \^[[38;5;12m└───────────────────────────────────────────────────────────────────────────────────────────────────────────────────────<…>
flutter: ┌───────────────────────────────────────────────────────────────────────────────────────────────────────────────────────
flutter: │ #0   buildRenderItems (package:bcc5/utils/render_item_helpers.dart:25:10)
flutter: ├┄┄┄┄┄┄┄┄┄┄┄┄┄┄┄┄┄┄┄┄┄┄┄┄┄┄┄┄┄┄┄┄┄┄┄┄┄┄┄┄┄┄┄┄┄┄┄┄┄┄┄┄┄┄┄┄┄┄┄┄┄┄┄┄┄┄┄┄┄┄┄┄┄┄┄┄┄┄┄┄┄┄┄┄┄┄┄┄┄┄┄┄┄┄┄┄┄┄┄┄┄┄┄┄┄┄┄┄┄┄┄┄┄┄┄┄┄┄┄
flutter: │ 🐛 📦 buildRenderItems summary:
flutter: │ 🐛   • valid: 3
flutter: │ 🐛   • invalid: 0
flutter: └───────────────────────────────────────────────────────────────────────────────────────────────────────────────────────
flutter: \^[[38;5;12m┌───────────────────────────────────────────────────────────────────────────────────────────────────────────────────────<…>
flutter: \^[[38;5;12m│ #0   PathItemScreen.build (package:bcc5/screens/paths/path_item_screen.dart:51:12)<…>
flutter: \^[[38;5;12m├┄┄┄┄┄┄┄┄┄┄┄┄┄┄┄┄┄┄┄┄┄┄┄┄┄┄┄┄┄┄┄┄┄┄┄┄┄┄┄┄┄┄┄┄┄┄┄┄┄┄┄┄┄┄┄┄┄┄┄┄┄┄┄┄┄┄┄┄┄┄┄┄┄┄┄┄┄┄┄┄┄┄┄┄┄┄┄┄┄┄┄┄┄┄┄┄┄┄┄┄┄┄┄┄┄┄┄┄┄┄┄┄┄┄┄┄┄┄┄<…>
flutter: \^[[38;5;12m│ 💡 🟩 Found chapter "1: Prepare in Advance" with 3 items<…>
flutter: \^[[38;5;12m└───────────────────────────────────────────────────────────────────────────────────────────────────────────────────────<…>
flutter: \^[[38;5;12m┌───────────────────────────────────────────────────────────────────────────────────────────────────────────────────────<…>
flutter: \^[[38;5;12m│ #0   PathItemScreen.build (package:bcc5/screens/paths/path_item_screen.dart:52:12)<…>
flutter: \^[[38;5;12m├┄┄┄┄┄┄┄┄┄┄┄┄┄┄┄┄┄┄┄┄┄┄┄┄┄┄┄┄┄┄┄┄┄┄┄┄┄┄┄┄┄┄┄┄┄┄┄┄┄┄┄┄┄┄┄┄┄┄┄┄┄┄┄┄┄┄┄┄┄┄┄┄┄┄┄┄┄┄┄┄┄┄┄┄┄┄┄┄┄┄┄┄┄┄┄┄┄┄┄┄┄┄┄┄┄┄┄┄┄┄┄┄┄┄┄┄┄┄┄<…>
flutter: \^[[38;5;12m│ 💡 🧪 Chapter title is: "1: Prepare in Advance"<…>
flutter: \^[[38;5;12m└───────────────────────────────────────────────────────────────────────────────────────────────────────────────────────<…>
flutter: ┌───────────────────────────────────────────────────────────────────────────────────────────────────────────────────────
flutter: │ #0   MainScaffold.build (package:bcc5/navigation/main_scaffold.dart:41:12)
flutter: ├┄┄┄┄┄┄┄┄┄┄┄┄┄┄┄┄┄┄┄┄┄┄┄┄┄┄┄┄┄┄┄┄┄┄┄┄┄┄┄┄┄┄┄┄┄┄┄┄┄┄┄┄┄┄┄┄┄┄┄┄┄┄┄┄┄┄┄┄┄┄┄┄┄┄┄┄┄┄┄┄┄┄┄┄┄┄┄┄┄┄┄┄┄┄┄┄┄┄┄┄┄┄┄┄┄┄┄┄┄┄┄┄┄┄┄┄┄┄┄
flutter: │ 🐛 🔷 Building MainScaffold, tab index: 0
flutter: └───────────────────────────────────────────────────────────────────────────────────────────────────────────────────────
flutter: \^[[38;5;12m┌───────────────────────────────────────────────────────────────────────────────────────────────────────────────────────<…>
flutter: \^[[38;5;12m│ #0   _PathChapterScreenState.build (package:bcc5/screens/paths/path_chapter_screen.dart:40:12)<…>
flutter: \^[[38;5;12m├┄┄┄┄┄┄┄┄┄┄┄┄┄┄┄┄┄┄┄┄┄┄┄┄┄┄┄┄┄┄┄┄┄┄┄┄┄┄┄┄┄┄┄┄┄┄┄┄┄┄┄┄┄┄┄┄┄┄┄┄┄┄┄┄┄┄┄┄┄┄┄┄┄┄┄┄┄┄┄┄┄┄┄┄┄┄┄┄┄┄┄┄┄┄┄┄┄┄┄┄┄┄┄┄┄┄┄┄┄┄┄┄┄┄┄┄┄┄┄<…>
flutter: \^[[38;5;12m│ 💡 🟢 Entered PathChapterScreen for "competent crew"<…>
flutter: \^[[38;5;12m└───────────────────────────────────────────────────────────────────────────────────────────────────────────────────────<…>
flutter: \^[[38;5;12m┌───────────────────────────────────────────────────────────────────────────────────────────────────────────────────────<…>
flutter: \^[[38;5;12m│ #0   _PathChapterScreenState.build (package:bcc5/screens/paths/path_chapter_screen.dart:44:12)<…>
flutter: \^[[38;5;12m├┄┄┄┄┄┄┄┄┄┄┄┄┄┄┄┄┄┄┄┄┄┄┄┄┄┄┄┄┄┄┄┄┄┄┄┄┄┄┄┄┄┄┄┄┄┄┄┄┄┄┄┄┄┄┄┄┄┄┄┄┄┄┄┄┄┄┄┄┄┄┄┄┄┄┄┄┄┄┄┄┄┄┄┄┄┄┄┄┄┄┄┄┄┄┄┄┄┄┄┄┄┄┄┄┄┄┄┄┄┄┄┄┄┄┄┄┄┄┄<…>
flutter: \^[[38;5;12m│ 💡 📚 Found 6 chapters for "competent crew"<…>
flutter: \^[[38;5;12m└───────────────────────────────────────────────────────────────────────────────────────────────────────────────────────<…>
flutter: \^[[38;5;12m┌───────────────────────────────────────────────────────────────────────────────────────────────────────────────────────<…>
flutter: \^[[38;5;12m│ #0   PathItemScreen.build.<anonymous closure> (package:bcc5/screens/paths/path_item_screen.dart:113:24)<…>
flutter: \^[[38;5;12m├┄┄┄┄┄┄┄┄┄┄┄┄┄┄┄┄┄┄┄┄┄┄┄┄┄┄┄┄┄┄┄┄┄┄┄┄┄┄┄┄┄┄┄┄┄┄┄┄┄┄┄┄┄┄┄┄┄┄┄┄┄┄┄┄┄┄┄┄┄┄┄┄┄┄┄┄┄┄┄┄┄┄┄┄┄┄┄┄┄┄┄┄┄┄┄┄┄┄┄┄┄┄┄┄┄┄┄┄┄┄┄┄┄┄┄┄┄┄┄<…>
flutter: \^[[38;5;12m│ 💡 📦 Rendering button for pathItem: part_deck_2.00 — "Winches" (index 0)<…>
flutter: \^[[38;5;12m└───────────────────────────────────────────────────────────────────────────────────────────────────────────────────────<…>
flutter: \^[[38;5;12m┌───────────────────────────────────────────────────────────────────────────────────────────────────────────────────────<…>
flutter: \^[[38;5;12m│ #0   PathItemScreen.build.<anonymous closure> (package:bcc5/screens/paths/path_item_screen.dart:113:24)<…>
flutter: \^[[38;5;12m├┄┄┄┄┄┄┄┄┄┄┄┄┄┄┄┄┄┄┄┄┄┄┄┄┄┄┄┄┄┄┄┄┄┄┄┄┄┄┄┄┄┄┄┄┄┄┄┄┄┄┄┄┄┄┄┄┄┄┄┄┄┄┄┄┄┄┄┄┄┄┄┄┄┄┄┄┄┄┄┄┄┄┄┄┄┄┄┄┄┄┄┄┄┄┄┄┄┄┄┄┄┄┄┄┄┄┄┄┄┄┄┄┄┄┄┄┄┄┄<…>
flutter: \^[[38;5;12m│ 💡 📦 Rendering button for pathItem: lesson_dock_1.00 — "L1: Handling Dock Lines" (index 1)<…>
flutter: \^[[38;5;12m└───────────────────────────────────────────────────────────────────────────────────────────────────────────────────────<…>
flutter: \^[[38;5;12m┌───────────────────────────────────────────────────────────────────────────────────────────────────────────────────────<…>
flutter: \^[[38;5;12m│ #0   PathItemScreen.build.<anonymous closure> (package:bcc5/screens/paths/path_item_screen.dart:113:24)<…>
flutter: \^[[38;5;12m├┄┄┄┄┄┄┄┄┄┄┄┄┄┄┄┄┄┄┄┄┄┄┄┄┄┄┄┄┄┄┄┄┄┄┄┄┄┄┄┄┄┄┄┄┄┄┄┄┄┄┄┄┄┄┄┄┄┄┄┄┄┄┄┄┄┄┄┄┄┄┄┄┄┄┄┄┄┄┄┄┄┄┄┄┄┄┄┄┄┄┄┄┄┄┄┄┄┄┄┄┄┄┄┄┄┄┄┄┄┄┄┄┄┄┄┄┄┄┄<…>
flutter: \^[[38;5;12m│ 💡 📦 Rendering button for pathItem: lesson_dock_3.00 — "Basics of Side Ties" (index 2)<…>
flutter: \^[[38;5;12m└───────────────────────────────────────────────────────────────────────────────────────────────────────────────────────<…>
flutter: \^[[38;5;12m┌───────────────────────────────────────────────────────────────────────────────────────────────────────────────────────<…>
flutter: \^[[38;5;12m│ #0   PathItemScreen.build.<anonymous closure>.<anonymous closure> (package:bcc5/screens/paths/path_item_screen.dart:120:28)<…>
flutter: \^[[38;5;12m├┄┄┄┄┄┄┄┄┄┄┄┄┄┄┄┄┄┄┄┄┄┄┄┄┄┄┄┄┄┄┄┄┄┄┄┄┄┄┄┄┄┄┄┄┄┄┄┄┄┄┄┄┄┄┄┄┄┄┄┄┄┄┄┄┄┄┄┄┄┄┄┄┄┄┄┄┄┄┄┄┄┄┄┄┄┄┄┄┄┄┄┄┄┄┄┄┄┄┄┄┄┄┄┄┄┄┄┄┄┄┄┄┄┄┄┄┄┄┄<…>
flutter: \^[[38;5;12m│ 💡 🟦 Tapped PathItem: L1: Handling Dock Lines (index 1)<…>
flutter: \^[[38;5;12m└───────────────────────────────────────────────────────────────────────────────────────────────────────────────────────<…>
flutter: \^[[38;5;12m┌───────────────────────────────────────────────────────────────────────────────────────────────────────────────────────<…>
flutter: \^[[38;5;12m│ #0   PathItemScreen.build.<anonymous closure>.<anonymous closure> (package:bcc5/screens/paths/path_item_screen.dart:145:30)<…>
flutter: \^[[38;5;12m├┄┄┄┄┄┄┄┄┄┄┄┄┄┄┄┄┄┄┄┄┄┄┄┄┄┄┄┄┄┄┄┄┄┄┄┄┄┄┄┄┄┄┄┄┄┄┄┄┄┄┄┄┄┄┄┄┄┄┄┄┄┄┄┄┄┄┄┄┄┄┄┄┄┄┄┄┄┄┄┄┄┄┄┄┄┄┄┄┄┄┄┄┄┄┄┄┄┄┄┄┄┄┄┄┄┄┄┄┄┄┄┄┄┄┄┄┄┄┄<…>
flutter: \^[[38;5;12m│ 💡 📘 Routing to LessonDetailScreen for lesson_dock_1.00<…>
flutter: \^[[38;5;12m└───────────────────────────────────────────────────────────────────────────────────────────────────────────────────────<…>
flutter: \^[[38;5;12m┌───────────────────────────────────────────────────────────────────────────────────────────────────────────────────────<…>
flutter: \^[[38;5;12m│ #0   TransitionManager.buildCustomTransition (package:bcc5/utils/transition_manager.dart:111:12)<…>
flutter: \^[[38;5;12m├┄┄┄┄┄┄┄┄┄┄┄┄┄┄┄┄┄┄┄┄┄┄┄┄┄┄┄┄┄┄┄┄┄┄┄┄┄┄┄┄┄┄┄┄┄┄┄┄┄┄┄┄┄┄┄┄┄┄┄┄┄┄┄┄┄┄┄┄┄┄┄┄┄┄┄┄┄┄┄┄┄┄┄┄┄┄┄┄┄┄┄┄┄┄┄┄┄┄┄┄┄┄┄┄┄┄┄┄┄┄┄┄┄┄┄┄┄┄┄<…>
flutter: \^[[38;5;12m│ 💡 [TransitionManager] buildCustomTransition → detailRoute: DetailRoute.path | transitionType: TransitionType.slide | slideFrom: SlideDirection.right<…>
flutter: \^[[38;5;12m└───────────────────────────────────────────────────────────────────────────────────────────────────────────────────────<…>
flutter: \^[[38;5;12m┌───────────────────────────────────────────────────────────────────────────────────────────────────────────────────────<…>
flutter: \^[[38;5;12m│ #0   TransitionManager.buildCustomTransition (package:bcc5/utils/transition_manager.dart:111:12)<…>
flutter: \^[[38;5;12m├┄┄┄┄┄┄┄┄┄┄┄┄┄┄┄┄┄┄┄┄┄┄┄┄┄┄┄┄┄┄┄┄┄┄┄┄┄┄┄┄┄┄┄┄┄┄┄┄┄┄┄┄┄┄┄┄┄┄┄┄┄┄┄┄┄┄┄┄┄┄┄┄┄┄┄┄┄┄┄┄┄┄┄┄┄┄┄┄┄┄┄┄┄┄┄┄┄┄┄┄┄┄┄┄┄┄┄┄┄┄┄┄┄┄┄┄┄┄┄<…>
flutter: \^[[38;5;12m│ 💡 [TransitionManager] buildCustomTransition → detailRoute: DetailRoute.path | transitionType: TransitionType.slide | slideFrom: SlideDirection.right<…>
flutter: \^[[38;5;12m└───────────────────────────────────────────────────────────────────────────────────────────────────────────────────────<…>

══╡ EXCEPTION CAUGHT BY WIDGETS LIBRARY ╞═══════════════════════════════════════════════════════════
The following _TypeError was thrown building _CustomNavigator-[GlobalObjectKey int#751ff](state:
_CustomNavigatorState#0f8f7):
type 'Null' is not a subtype of type 'GlobalKey<State<StatefulWidget>>'

The relevant error-causing widget was:
  _CustomNavigator-[GlobalObjectKey int#751ff]
  _CustomNavigator:file:///Users/david/.pub-cache/hosted/pub.dev/go_router-14.8.1/lib/src/builder.dart:112:7

When the exception was thrown, this was the stack:
#0      appRouter.<anonymous closure> (package:bcc5/navigation/app_router.dart:284:29)
#1      _CustomNavigatorState._buildPageForGoRoute (package:go_router/src/builder.dart:247:45)
#2      _CustomNavigatorState._buildPage (package:go_router/src/builder.dart:233:14)
#3      _CustomNavigatorState._updatePages (package:go_router/src/builder.dart:213:37)
#4      _CustomNavigatorState.build (package:go_router/src/builder.dart:431:7)
#5      StatefulElement.build (package:flutter/src/widgets/framework.dart:5841:27)
#6      ComponentElement.performRebuild (package:flutter/src/widgets/framework.dart:5733:15)
#7      StatefulElement.performRebuild (package:flutter/src/widgets/framework.dart:5892:11)
#8      Element.rebuild (package:flutter/src/widgets/framework.dart:5445:7)
#9      StatefulElement.update (package:flutter/src/widgets/framework.dart:5917:5)
#10     Element.updateChild (package:flutter/src/widgets/framework.dart:3998:15)
#11     ComponentElement.performRebuild (package:flutter/src/widgets/framework.dart:5756:16)
#12     Element.rebuild (package:flutter/src/widgets/framework.dart:5445:7)
#13     ProxyElement.update (package:flutter/src/widgets/framework.dart:6059:5)
#14     Element.updateChild (package:flutter/src/widgets/framework.dart:3998:15)
#15     ComponentElement.performRebuild (package:flutter/src/widgets/framework.dart:5756:16)
#16     Element.rebuild (package:flutter/src/widgets/framework.dart:5445:7)
#17     StatelessElement.update (package:flutter/src/widgets/framework.dart:5805:5)
#18     Element.updateChild (package:flutter/src/widgets/framework.dart:3998:15)
#19     ComponentElement.performRebuild (package:flutter/src/widgets/framework.dart:5756:16)
#20     Element.rebuild (package:flutter/src/widgets/framework.dart:5445:7)
#21     ProxyElement.update (package:flutter/src/widgets/framework.dart:6059:5)
#22     Element.updateChild (package:flutter/src/widgets/framework.dart:3998:15)
#23     ComponentElement.performRebuild (package:flutter/src/widgets/framework.dart:5756:16)
#24     Element.rebuild (package:flutter/src/widgets/framework.dart:5445:7)
#25     ProxyElement.update (package:flutter/src/widgets/framework.dart:6059:5)
#26     Element.updateChild (package:flutter/src/widgets/framework.dart:3998:15)
#27     ComponentElement.performRebuild (package:flutter/src/widgets/framework.dart:5756:16)
#28     StatefulElement.performRebuild (package:flutter/src/widgets/framework.dart:5892:11)
#29     Element.rebuild (package:flutter/src/widgets/framework.dart:5445:7)
#30     BuildScope._tryRebuild (package:flutter/src/widgets/framework.dart:2704:15)
#31     BuildScope._flushDirtyElements (package:flutter/src/widgets/framework.dart:2762:11)
#32     BuildOwner.buildScope (package:flutter/src/widgets/framework.dart:3066:18)
#33     WidgetsBinding.drawFrame (package:flutter/src/widgets/binding.dart:1229:21)
#34     RendererBinding._handlePersistentFrameCallback (package:flutter/src/rendering/binding.dart:482:5)
#35     SchedulerBinding._invokeFrameCallback (package:flutter/src/scheduler/binding.dart:1442:15)
#36     SchedulerBinding.handleDrawFrame (package:flutter/src/scheduler/binding.dart:1355:9)
#37     SchedulerBinding._handleDrawFrame (package:flutter/src/scheduler/binding.dart:1208:5)
#38     _invoke (dart:ui/hooks.dart:316:13)
#39     PlatformDispatcher._drawFrame (dart:ui/platform_dispatcher.dart:428:5)
#40     _drawFrame (dart:ui/hooks.dart:288:31)

════════════════════════════════════════════════════════════════════════════════════════════════════


Performing hot restart...                                       
Restarted application in 241ms.
flutter: \^[[38;5;12m┌───────────────────────────────────────────────────────────────────────────────────────────────────────────────────────<…>
flutter: \^[[38;5;12m│ #0   main (package:bcc5/main.dart:15:10)<…>
flutter: \^[[38;5;12m├┄┄┄┄┄┄┄┄┄┄┄┄┄┄┄┄┄┄┄┄┄┄┄┄┄┄┄┄┄┄┄┄┄┄┄┄┄┄┄┄┄┄┄┄┄┄┄┄┄┄┄┄┄┄┄┄┄┄┄┄┄┄┄┄┄┄┄┄┄┄┄┄┄┄┄┄┄┄┄┄┄┄┄┄┄┄┄┄┄┄┄┄┄┄┄┄┄┄┄┄┄┄┄┄┄┄┄┄┄┄┄┄┄┄┄┄┄┄┄<…>
flutter: \^[[38;5;12m│ 💡 🚀 App Launch | Emergency Reminder: true<…>
flutter: \^[[38;5;12m│ 💡 🚀🚀🚀🚀🚀🚀🚀🚀🚀🚀🚀🚀🚀🚀🚀🚀🚀🚀🚀🚀🚀🚀🚀🚀🚀🚀🚀🚀🚀<…>
flutter: \^[[38;5;12m│ 💡 🌕🌕🌕🌕🌕 APP LAUNCH 🌕🌕🌕🌕🌕<…>
flutter: \^[[38;5;12m│ 💡 🌕🌕🌕🌕🌕 APP LAUNCH 🌕🌕🌕🌕🌕<…>
flutter: \^[[38;5;12m│ 💡 🌕🌕🌕🌕🌕 APP LAUNCH 🌕🌕🌕🌕🌕<…>
flutter: \^[[38;5;12m│ 💡 <…>
flutter: \^[[38;5;12m└───────────────────────────────────────────────────────────────────────────────────────────────────────────────────────<…>
flutter: \^[[38;5;12m┌───────────────────────────────────────────────────────────────────────────────────────────────────────────────────────<…>
flutter: \^[[38;5;12m│ #0   appRouter.<anonymous closure> (package:bcc5/navigation/app_router.dart:35:16)<…>
flutter: \^[[38;5;12m├┄┄┄┄┄┄┄┄┄┄┄┄┄┄┄┄┄┄┄┄┄┄┄┄┄┄┄┄┄┄┄┄┄┄┄┄┄┄┄┄┄┄┄┄┄┄┄┄┄┄┄┄┄┄┄┄┄┄┄┄┄┄┄┄┄┄┄┄┄┄┄┄┄┄┄┄┄┄┄┄┄┄┄┄┄┄┄┄┄┄┄┄┄┄┄┄┄┄┄┄┄┄┄┄┄┄┄┄┄┄┄┄┄┄┄┄┄┄┄<…>
flutter: \^[[38;5;12m│ 💡 🏁 Entering LandingScreen<…>
flutter: \^[[38;5;12m└───────────────────────────────────────────────────────────────────────────────────────────────────────────────────────<…>
flutter: \^[[38;5;208m┌───────────────────────────────────────────────────────────────────────────────────────────────────────────────────────<…>
flutter: \^[[38;5;208m│ #0   TransitionManager.buildCustomTransition.<anonymous closure> (package:bcc5/utils/transition_manager.dart:94:22)<…>
flutter: \^[[38;5;208m├┄┄┄┄┄┄┄┄┄┄┄┄┄┄┄┄┄┄┄┄┄┄┄┄┄┄┄┄┄┄┄┄┄┄┄┄┄┄┄┄┄┄┄┄┄┄┄┄┄┄┄┄┄┄┄┄┄┄┄┄┄┄┄┄┄┄┄┄┄┄┄┄┄┄┄┄┄┄┄┄┄┄┄┄┄┄┄┄┄┄┄┄┄┄┄┄┄┄┄┄┄┄┄┄┄┄┄┄┄┄┄┄┄┄┄┄┄┄┄<…>
flutter: \^[[38;5;208m│ ⚠️ [TransitionManager] ❗ Missing detailRoute in .extra — defaulting to DetailRoute.branch<…>
flutter: \^[[38;5;208m└───────────────────────────────────────────────────────────────────────────────────────────────────────────────────────<…>
flutter: \^[[38;5;12m┌───────────────────────────────────────────────────────────────────────────────────────────────────────────────────────<…>
flutter: \^[[38;5;12m│ #0   TransitionManager.buildCustomTransition (package:bcc5/utils/transition_manager.dart:111:12)<…>
flutter: \^[[38;5;12m├┄┄┄┄┄┄┄┄┄┄┄┄┄┄┄┄┄┄┄┄┄┄┄┄┄┄┄┄┄┄┄┄┄┄┄┄┄┄┄┄┄┄┄┄┄┄┄┄┄┄┄┄┄┄┄┄┄┄┄┄┄┄┄┄┄┄┄┄┄┄┄┄┄┄┄┄┄┄┄┄┄┄┄┄┄┄┄┄┄┄┄┄┄┄┄┄┄┄┄┄┄┄┄┄┄┄┄┄┄┄┄┄┄┄┄┄┄┄┄<…>
flutter: \^[[38;5;12m│ 💡 [TransitionManager] buildCustomTransition → detailRoute: DetailRoute.branch | transitionType: TransitionType.instant | slideFrom: SlideDirection.none<…>
flutter: \^[[38;5;12m└───────────────────────────────────────────────────────────────────────────────────────────────────────────────────────<…>
flutter: ┌───────────────────────────────────────────────────────────────────────────────────────────────────────────────────────
flutter: │ #0   MainScaffold.build (package:bcc5/navigation/main_scaffold.dart:41:12)
flutter: ├┄┄┄┄┄┄┄┄┄┄┄┄┄┄┄┄┄┄┄┄┄┄┄┄┄┄┄┄┄┄┄┄┄┄┄┄┄┄┄┄┄┄┄┄┄┄┄┄┄┄┄┄┄┄┄┄┄┄┄┄┄┄┄┄┄┄┄┄┄┄┄┄┄┄┄┄┄┄┄┄┄┄┄┄┄┄┄┄┄┄┄┄┄┄┄┄┄┄┄┄┄┄┄┄┄┄┄┄┄┄┄┄┄┄┄┄┄┄┄
flutter: │ 🐛 🔷 Building MainScaffold, tab index: 0
flutter: └───────────────────────────────────────────────────────────────────────────────────────────────────────────────────────

Performing hot restart...                                       
Restarted application in 232ms.
flutter: \^[[38;5;12m┌───────────────────────────────────────────────────────────────────────────────────────────────────────────────────────<…>
flutter: \^[[38;5;12m│ #0   main (package:bcc5/main.dart:15:10)<…>
flutter: \^[[38;5;12m├┄┄┄┄┄┄┄┄┄┄┄┄┄┄┄┄┄┄┄┄┄┄┄┄┄┄┄┄┄┄┄┄┄┄┄┄┄┄┄┄┄┄┄┄┄┄┄┄┄┄┄┄┄┄┄┄┄┄┄┄┄┄┄┄┄┄┄┄┄┄┄┄┄┄┄┄┄┄┄┄┄┄┄┄┄┄┄┄┄┄┄┄┄┄┄┄┄┄┄┄┄┄┄┄┄┄┄┄┄┄┄┄┄┄┄┄┄┄┄<…>
flutter: \^[[38;5;12m│ 💡 🚀 App Launch | Emergency Reminder: true<…>
flutter: \^[[38;5;12m│ 💡 🚀🚀🚀🚀🚀🚀🚀🚀🚀🚀🚀🚀🚀🚀🚀🚀🚀🚀🚀🚀🚀🚀🚀🚀🚀🚀🚀🚀🚀<…>
flutter: \^[[38;5;12m│ 💡 🌕🌕🌕🌕🌕 APP LAUNCH 🌕🌕🌕🌕🌕<…>
flutter: \^[[38;5;12m│ 💡 🌕🌕🌕🌕🌕 APP LAUNCH 🌕🌕🌕🌕🌕<…>
flutter: \^[[38;5;12m│ 💡 🌕🌕🌕🌕🌕 APP LAUNCH 🌕🌕🌕🌕🌕<…>
flutter: \^[[38;5;12m│ 💡 <…>
flutter: \^[[38;5;12m└───────────────────────────────────────────────────────────────────────────────────────────────────────────────────────<…>
flutter: \^[[38;5;12m┌───────────────────────────────────────────────────────────────────────────────────────────────────────────────────────<…>
flutter: \^[[38;5;12m│ #0   appRouter.<anonymous closure> (package:bcc5/navigation/app_router.dart:35:16)<…>
flutter: \^[[38;5;12m├┄┄┄┄┄┄┄┄┄┄┄┄┄┄┄┄┄┄┄┄┄┄┄┄┄┄┄┄┄┄┄┄┄┄┄┄┄┄┄┄┄┄┄┄┄┄┄┄┄┄┄┄┄┄┄┄┄┄┄┄┄┄┄┄┄┄┄┄┄┄┄┄┄┄┄┄┄┄┄┄┄┄┄┄┄┄┄┄┄┄┄┄┄┄┄┄┄┄┄┄┄┄┄┄┄┄┄┄┄┄┄┄┄┄┄┄┄┄┄<…>
flutter: \^[[38;5;12m│ 💡 🏁 Entering LandingScreen<…>
flutter: \^[[38;5;12m└───────────────────────────────────────────────────────────────────────────────────────────────────────────────────────<…>
flutter: \^[[38;5;208m┌───────────────────────────────────────────────────────────────────────────────────────────────────────────────────────<…>
flutter: \^[[38;5;208m│ #0   TransitionManager.buildCustomTransition.<anonymous closure> (package:bcc5/utils/transition_manager.dart:94:22)<…>
flutter: \^[[38;5;208m├┄┄┄┄┄┄┄┄┄┄┄┄┄┄┄┄┄┄┄┄┄┄┄┄┄┄┄┄┄┄┄┄┄┄┄┄┄┄┄┄┄┄┄┄┄┄┄┄┄┄┄┄┄┄┄┄┄┄┄┄┄┄┄┄┄┄┄┄┄┄┄┄┄┄┄┄┄┄┄┄┄┄┄┄┄┄┄┄┄┄┄┄┄┄┄┄┄┄┄┄┄┄┄┄┄┄┄┄┄┄┄┄┄┄┄┄┄┄┄<…>
flutter: \^[[38;5;208m│ ⚠️ [TransitionManager] ❗ Missing detailRoute in .extra — defaulting to DetailRoute.branch<…>
flutter: \^[[38;5;208m└───────────────────────────────────────────────────────────────────────────────────────────────────────────────────────<…>
flutter: \^[[38;5;12m┌───────────────────────────────────────────────────────────────────────────────────────────────────────────────────────<…>
flutter: \^[[38;5;12m│ #0   TransitionManager.buildCustomTransition (package:bcc5/utils/transition_manager.dart:111:12)<…>
flutter: \^[[38;5;12m├┄┄┄┄┄┄┄┄┄┄┄┄┄┄┄┄┄┄┄┄┄┄┄┄┄┄┄┄┄┄┄┄┄┄┄┄┄┄┄┄┄┄┄┄┄┄┄┄┄┄┄┄┄┄┄┄┄┄┄┄┄┄┄┄┄┄┄┄┄┄┄┄┄┄┄┄┄┄┄┄┄┄┄┄┄┄┄┄┄┄┄┄┄┄┄┄┄┄┄┄┄┄┄┄┄┄┄┄┄┄┄┄┄┄┄┄┄┄┄<…>
flutter: \^[[38;5;12m│ 💡 [TransitionManager] buildCustomTransition → detailRoute: DetailRoute.branch | transitionType: TransitionType.instant | slideFrom: SlideDirection.none<…>
flutter: \^[[38;5;12m└───────────────────────────────────────────────────────────────────────────────────────────────────────────────────────<…>
flutter: ┌───────────────────────────────────────────────────────────────────────────────────────────────────────────────────────
flutter: │ #0   MainScaffold.build (package:bcc5/navigation/main_scaffold.dart:41:12)
flutter: ├┄┄┄┄┄┄┄┄┄┄┄┄┄┄┄┄┄┄┄┄┄┄┄┄┄┄┄┄┄┄┄┄┄┄┄┄┄┄┄┄┄┄┄┄┄┄┄┄┄┄┄┄┄┄┄┄┄┄┄┄┄┄┄┄┄┄┄┄┄┄┄┄┄┄┄┄┄┄┄┄┄┄┄┄┄┄┄┄┄┄┄┄┄┄┄┄┄┄┄┄┄┄┄┄┄┄┄┄┄┄┄┄┄┄┄┄┄┄┄
flutter: │ 🐛 🔷 Building MainScaffold, tab index: 0
flutter: └───────────────────────────────────────────────────────────────────────────────────────────────────────────────────────
flutter: \^[[38;5;12m┌───────────────────────────────────────────────────────────────────────────────────────────────────────────────────────<…>
flutter: \^[[38;5;12m│ #0   MainScaffold._onItemTapped (package:bcc5/navigation/main_scaffold.dart:24:12)<…>
flutter: \^[[38;5;12m├┄┄┄┄┄┄┄┄┄┄┄┄┄┄┄┄┄┄┄┄┄┄┄┄┄┄┄┄┄┄┄┄┄┄┄┄┄┄┄┄┄┄┄┄┄┄┄┄┄┄┄┄┄┄┄┄┄┄┄┄┄┄┄┄┄┄┄┄┄┄┄┄┄┄┄┄┄┄┄┄┄┄┄┄┄┄┄┄┄┄┄┄┄┄┄┄┄┄┄┄┄┄┄┄┄┄┄┄┄┄┄┄┄┄┄┄┄┄┄<…>
flutter: \^[[38;5;12m│ 💡 🧭 BNB tapped tab 3 — switching via GoRouter<…>
flutter: \^[[38;5;12m└───────────────────────────────────────────────────────────────────────────────────────────────────────────────────────<…>
flutter: \^[[38;5;12m┌───────────────────────────────────────────────────────────────────────────────────────────────────────────────────────<…>
flutter: \^[[38;5;12m│ #0   appRouter.<anonymous closure> (package:bcc5/navigation/app_router.dart:413:16)<…>
flutter: \^[[38;5;12m├┄┄┄┄┄┄┄┄┄┄┄┄┄┄┄┄┄┄┄┄┄┄┄┄┄┄┄┄┄┄┄┄┄┄┄┄┄┄┄┄┄┄┄┄┄┄┄┄┄┄┄┄┄┄┄┄┄┄┄┄┄┄┄┄┄┄┄┄┄┄┄┄┄┄┄┄┄┄┄┄┄┄┄┄┄┄┄┄┄┄┄┄┄┄┄┄┄┄┄┄┄┄┄┄┄┄┄┄┄┄┄┄┄┄┄┄┄┄┄<…>
flutter: \^[[38;5;12m│ 💡 🛠️ Entering ToolsScreen<…>
flutter: \^[[38;5;12m└───────────────────────────────────────────────────────────────────────────────────────────────────────────────────────<…>

══╡ EXCEPTION CAUGHT BY WIDGETS LIBRARY ╞═══════════════════════════════════════════════════════════
The following _TypeError was thrown building _CustomNavigator-[GlobalObjectKey int#789ec](state:
_CustomNavigatorState#e4ef9):
type 'Null' is not a subtype of type 'GlobalKey<State<StatefulWidget>>'

The relevant error-causing widget was:
  _CustomNavigator-[GlobalObjectKey int#789ec]
  _CustomNavigator:file:///Users/david/.pub-cache/hosted/pub.dev/go_router-14.8.1/lib/src/builder.dart:112:7

When the exception was thrown, this was the stack:
#0      appRouter.<anonymous closure> (package:bcc5/navigation/app_router.dart:424:29)
#1      _CustomNavigatorState._buildPageForGoRoute (package:go_router/src/builder.dart:247:45)
#2      _CustomNavigatorState._buildPage (package:go_router/src/builder.dart:233:14)
#3      _CustomNavigatorState._updatePages (package:go_router/src/builder.dart:213:37)
#4      _CustomNavigatorState.build (package:go_router/src/builder.dart:431:7)
#5      StatefulElement.build (package:flutter/src/widgets/framework.dart:5841:27)
#6      ComponentElement.performRebuild (package:flutter/src/widgets/framework.dart:5733:15)
#7      StatefulElement.performRebuild (package:flutter/src/widgets/framework.dart:5892:11)
#8      Element.rebuild (package:flutter/src/widgets/framework.dart:5445:7)
#9      StatefulElement.update (package:flutter/src/widgets/framework.dart:5917:5)
#10     Element.updateChild (package:flutter/src/widgets/framework.dart:3998:15)
#11     ComponentElement.performRebuild (package:flutter/src/widgets/framework.dart:5756:16)
#12     Element.rebuild (package:flutter/src/widgets/framework.dart:5445:7)
#13     ProxyElement.update (package:flutter/src/widgets/framework.dart:6059:5)
#14     Element.updateChild (package:flutter/src/widgets/framework.dart:3998:15)
#15     ComponentElement.performRebuild (package:flutter/src/widgets/framework.dart:5756:16)
#16     Element.rebuild (package:flutter/src/widgets/framework.dart:5445:7)
#17     StatelessElement.update (package:flutter/src/widgets/framework.dart:5805:5)
#18     Element.updateChild (package:flutter/src/widgets/framework.dart:3998:15)
#19     ComponentElement.performRebuild (package:flutter/src/widgets/framework.dart:5756:16)
#20     Element.rebuild (package:flutter/src/widgets/framework.dart:5445:7)
#21     ProxyElement.update (package:flutter/src/widgets/framework.dart:6059:5)
#22     Element.updateChild (package:flutter/src/widgets/framework.dart:3998:15)
#23     ComponentElement.performRebuild (package:flutter/src/widgets/framework.dart:5756:16)
#24     Element.rebuild (package:flutter/src/widgets/framework.dart:5445:7)
#25     ProxyElement.update (package:flutter/src/widgets/framework.dart:6059:5)
#26     Element.updateChild (package:flutter/src/widgets/framework.dart:3998:15)
#27     ComponentElement.performRebuild (package:flutter/src/widgets/framework.dart:5756:16)
#28     StatefulElement.performRebuild (package:flutter/src/widgets/framework.dart:5892:11)
#29     Element.rebuild (package:flutter/src/widgets/framework.dart:5445:7)
#30     BuildScope._tryRebuild (package:flutter/src/widgets/framework.dart:2704:15)
#31     BuildScope._flushDirtyElements (package:flutter/src/widgets/framework.dart:2762:11)
#32     BuildOwner.buildScope (package:flutter/src/widgets/framework.dart:3066:18)
#33     WidgetsBinding.drawFrame (package:flutter/src/widgets/binding.dart:1229:21)
#34     RendererBinding._handlePersistentFrameCallback (package:flutter/src/rendering/binding.dart:482:5)
#35     SchedulerBinding._invokeFrameCallback (package:flutter/src/scheduler/binding.dart:1442:15)
#36     SchedulerBinding.handleDrawFrame (package:flutter/src/scheduler/binding.dart:1355:9)
#37     SchedulerBinding._handleDrawFrame (package:flutter/src/scheduler/binding.dart:1208:5)
#38     _invoke (dart:ui/hooks.dart:316:13)
#39     PlatformDispatcher._drawFrame (dart:ui/platform_dispatcher.dart:428:5)
#40     _drawFrame (dart:ui/hooks.dart:288:31)

════════════════════════════════════════════════════════════════════════════════════════════════════


Performing hot restart...                                       
Restarted application in 247ms.
flutter: \^[[38;5;12m┌───────────────────────────────────────────────────────────────────────────────────────────────────────────────────────<…>
flutter: \^[[38;5;12m│ #0   main (package:bcc5/main.dart:15:10)<…>
flutter: \^[[38;5;12m├┄┄┄┄┄┄┄┄┄┄┄┄┄┄┄┄┄┄┄┄┄┄┄┄┄┄┄┄┄┄┄┄┄┄┄┄┄┄┄┄┄┄┄┄┄┄┄┄┄┄┄┄┄┄┄┄┄┄┄┄┄┄┄┄┄┄┄┄┄┄┄┄┄┄┄┄┄┄┄┄┄┄┄┄┄┄┄┄┄┄┄┄┄┄┄┄┄┄┄┄┄┄┄┄┄┄┄┄┄┄┄┄┄┄┄┄┄┄┄<…>
flutter: \^[[38;5;12m│ 💡 🚀 App Launch | Emergency Reminder: true<…>
flutter: \^[[38;5;12m│ 💡 🚀🚀🚀🚀🚀🚀🚀🚀🚀🚀🚀🚀🚀🚀🚀🚀🚀🚀🚀🚀🚀🚀🚀🚀🚀🚀🚀🚀🚀<…>
flutter: \^[[38;5;12m│ 💡 🌕🌕🌕🌕🌕 APP LAUNCH 🌕🌕🌕🌕🌕<…>
flutter: \^[[38;5;12m│ 💡 🌕🌕🌕🌕🌕 APP LAUNCH 🌕🌕🌕🌕🌕<…>
flutter: \^[[38;5;12m│ 💡 🌕🌕🌕🌕🌕 APP LAUNCH 🌕🌕🌕🌕🌕<…>
flutter: \^[[38;5;12m│ 💡 <…>
flutter: \^[[38;5;12m└───────────────────────────────────────────────────────────────────────────────────────────────────────────────────────<…>
flutter: \^[[38;5;12m┌───────────────────────────────────────────────────────────────────────────────────────────────────────────────────────<…>
flutter: \^[[38;5;12m│ #0   appRouter.<anonymous closure> (package:bcc5/navigation/app_router.dart:35:16)<…>
flutter: \^[[38;5;12m├┄┄┄┄┄┄┄┄┄┄┄┄┄┄┄┄┄┄┄┄┄┄┄┄┄┄┄┄┄┄┄┄┄┄┄┄┄┄┄┄┄┄┄┄┄┄┄┄┄┄┄┄┄┄┄┄┄┄┄┄┄┄┄┄┄┄┄┄┄┄┄┄┄┄┄┄┄┄┄┄┄┄┄┄┄┄┄┄┄┄┄┄┄┄┄┄┄┄┄┄┄┄┄┄┄┄┄┄┄┄┄┄┄┄┄┄┄┄┄<…>
flutter: \^[[38;5;12m│ 💡 🏁 Entering LandingScreen<…>
flutter: \^[[38;5;12m└───────────────────────────────────────────────────────────────────────────────────────────────────────────────────────<…>
flutter: \^[[38;5;208m┌───────────────────────────────────────────────────────────────────────────────────────────────────────────────────────<…>
flutter: \^[[38;5;208m│ #0   TransitionManager.buildCustomTransition.<anonymous closure> (package:bcc5/utils/transition_manager.dart:94:22)<…>
flutter: \^[[38;5;208m├┄┄┄┄┄┄┄┄┄┄┄┄┄┄┄┄┄┄┄┄┄┄┄┄┄┄┄┄┄┄┄┄┄┄┄┄┄┄┄┄┄┄┄┄┄┄┄┄┄┄┄┄┄┄┄┄┄┄┄┄┄┄┄┄┄┄┄┄┄┄┄┄┄┄┄┄┄┄┄┄┄┄┄┄┄┄┄┄┄┄┄┄┄┄┄┄┄┄┄┄┄┄┄┄┄┄┄┄┄┄┄┄┄┄┄┄┄┄┄<…>
flutter: \^[[38;5;208m│ ⚠️ [TransitionManager] ❗ Missing detailRoute in .extra — defaulting to DetailRoute.branch<…>
flutter: \^[[38;5;208m└───────────────────────────────────────────────────────────────────────────────────────────────────────────────────────<…>
flutter: \^[[38;5;12m┌───────────────────────────────────────────────────────────────────────────────────────────────────────────────────────<…>
flutter: \^[[38;5;12m│ #0   TransitionManager.buildCustomTransition (package:bcc5/utils/transition_manager.dart:111:12)<…>
flutter: \^[[38;5;12m├┄┄┄┄┄┄┄┄┄┄┄┄┄┄┄┄┄┄┄┄┄┄┄┄┄┄┄┄┄┄┄┄┄┄┄┄┄┄┄┄┄┄┄┄┄┄┄┄┄┄┄┄┄┄┄┄┄┄┄┄┄┄┄┄┄┄┄┄┄┄┄┄┄┄┄┄┄┄┄┄┄┄┄┄┄┄┄┄┄┄┄┄┄┄┄┄┄┄┄┄┄┄┄┄┄┄┄┄┄┄┄┄┄┄┄┄┄┄┄<…>
flutter: \^[[38;5;12m│ 💡 [TransitionManager] buildCustomTransition → detailRoute: DetailRoute.branch | transitionType: TransitionType.instant | slideFrom: SlideDirection.none<…>
flutter: \^[[38;5;12m└───────────────────────────────────────────────────────────────────────────────────────────────────────────────────────<…>
flutter: ┌───────────────────────────────────────────────────────────────────────────────────────────────────────────────────────
flutter: │ #0   MainScaffold.build (package:bcc5/navigation/main_scaffold.dart:41:12)
flutter: ├┄┄┄┄┄┄┄┄┄┄┄┄┄┄┄┄┄┄┄┄┄┄┄┄┄┄┄┄┄┄┄┄┄┄┄┄┄┄┄┄┄┄┄┄┄┄┄┄┄┄┄┄┄┄┄┄┄┄┄┄┄┄┄┄┄┄┄┄┄┄┄┄┄┄┄┄┄┄┄┄┄┄┄┄┄┄┄┄┄┄┄┄┄┄┄┄┄┄┄┄┄┄┄┄┄┄┄┄┄┄┄┄┄┄┄┄┄┄┄
flutter: │ 🐛 🔷 Building MainScaffold, tab index: 0
flutter: └───────────────────────────────────────────────────────────────────────────────────────────────────────────────────────
flutter: \^[[38;5;12m┌───────────────────────────────────────────────────────────────────────────────────────────────────────────────────────<…>
flutter: \^[[38;5;12m│ #0   MainScaffold._onItemTapped (package:bcc5/navigation/main_scaffold.dart:24:12)<…>
flutter: \^[[38;5;12m├┄┄┄┄┄┄┄┄┄┄┄┄┄┄┄┄┄┄┄┄┄┄┄┄┄┄┄┄┄┄┄┄┄┄┄┄┄┄┄┄┄┄┄┄┄┄┄┄┄┄┄┄┄┄┄┄┄┄┄┄┄┄┄┄┄┄┄┄┄┄┄┄┄┄┄┄┄┄┄┄┄┄┄┄┄┄┄┄┄┄┄┄┄┄┄┄┄┄┄┄┄┄┄┄┄┄┄┄┄┄┄┄┄┄┄┄┄┄┄<…>
flutter: \^[[38;5;12m│ 💡 🧭 BNB tapped tab 1 — switching via GoRouter<…>
flutter: \^[[38;5;12m└───────────────────────────────────────────────────────────────────────────────────────────────────────────────────────<…>
flutter: \^[[38;5;12m┌───────────────────────────────────────────────────────────────────────────────────────────────────────────────────────<…>
flutter: \^[[38;5;12m│ #0   appRouter.<anonymous closure> (package:bcc5/navigation/app_router.dart:182:16)<…>
flutter: \^[[38;5;12m├┄┄┄┄┄┄┄┄┄┄┄┄┄┄┄┄┄┄┄┄┄┄┄┄┄┄┄┄┄┄┄┄┄┄┄┄┄┄┄┄┄┄┄┄┄┄┄┄┄┄┄┄┄┄┄┄┄┄┄┄┄┄┄┄┄┄┄┄┄┄┄┄┄┄┄┄┄┄┄┄┄┄┄┄┄┄┄┄┄┄┄┄┄┄┄┄┄┄┄┄┄┄┄┄┄┄┄┄┄┄┄┄┄┄┄┄┄┄┄<…>
flutter: \^[[38;5;12m│ 💡 📘 Entering LessonModuleScreen<…>
flutter: \^[[38;5;12m└───────────────────────────────────────────────────────────────────────────────────────────────────────────────────────<…>
flutter: \^[[38;5;12m┌───────────────────────────────────────────────────────────────────────────────────────────────────────────────────────<…>
flutter: \^[[38;5;12m│ #0   TransitionManager.buildCustomTransition (package:bcc5/utils/transition_manager.dart:111:12)<…>
flutter: \^[[38;5;12m├┄┄┄┄┄┄┄┄┄┄┄┄┄┄┄┄┄┄┄┄┄┄┄┄┄┄┄┄┄┄┄┄┄┄┄┄┄┄┄┄┄┄┄┄┄┄┄┄┄┄┄┄┄┄┄┄┄┄┄┄┄┄┄┄┄┄┄┄┄┄┄┄┄┄┄┄┄┄┄┄┄┄┄┄┄┄┄┄┄┄┄┄┄┄┄┄┄┄┄┄┄┄┄┄┄┄┄┄┄┄┄┄┄┄┄┄┄┄┄<…>
flutter: \^[[38;5;12m│ 💡 [TransitionManager] buildCustomTransition → detailRoute: DetailRoute.branch | transitionType: TransitionType.instant | slideFrom: SlideDirection.none<…>
flutter: \^[[38;5;12m└───────────────────────────────────────────────────────────────────────────────────────────────────────────────────────<…>
flutter: ┌───────────────────────────────────────────────────────────────────────────────────────────────────────────────────────
flutter: │ #0   MainScaffold.build (package:bcc5/navigation/main_scaffold.dart:41:12)
flutter: ├┄┄┄┄┄┄┄┄┄┄┄┄┄┄┄┄┄┄┄┄┄┄┄┄┄┄┄┄┄┄┄┄┄┄┄┄┄┄┄┄┄┄┄┄┄┄┄┄┄┄┄┄┄┄┄┄┄┄┄┄┄┄┄┄┄┄┄┄┄┄┄┄┄┄┄┄┄┄┄┄┄┄┄┄┄┄┄┄┄┄┄┄┄┄┄┄┄┄┄┄┄┄┄┄┄┄┄┄┄┄┄┄┄┄┄┄┄┄┄
flutter: │ 🐛 🔷 Building MainScaffold, tab index: 1
flutter: └───────────────────────────────────────────────────────────────────────────────────────────────────────────────────────
flutter: \^[[38;5;12m┌───────────────────────────────────────────────────────────────────────────────────────────────────────────────────────<…>
flutter: \^[[38;5;12m│ #0   LessonModuleScreen.build (package:bcc5/screens/lessons/lesson_module_screen.dart:30:12)<…>
flutter: \^[[38;5;12m├┄┄┄┄┄┄┄┄┄┄┄┄┄┄┄┄┄┄┄┄┄┄┄┄┄┄┄┄┄┄┄┄┄┄┄┄┄┄┄┄┄┄┄┄┄┄┄┄┄┄┄┄┄┄┄┄┄┄┄┄┄┄┄┄┄┄┄┄┄┄┄┄┄┄┄┄┄┄┄┄┄┄┄┄┄┄┄┄┄┄┄┄┄┄┄┄┄┄┄┄┄┄┄┄┄┄┄┄┄┄┄┄┄┄┄┄┄┄┄<…>
flutter: \^[[38;5;12m│ 💡 🟦 Entered LessonModuleScreen<…>
flutter: \^[[38;5;12m└───────────────────────────────────────────────────────────────────────────────────────────────────────────────────────<…>
flutter: \^[[38;5;12m┌───────────────────────────────────────────────────────────────────────────────────────────────────────────────────────<…>
flutter: \^[[38;5;12m│ #0   MainScaffold._onItemTapped (package:bcc5/navigation/main_scaffold.dart:24:12)<…>
flutter: \^[[38;5;12m├┄┄┄┄┄┄┄┄┄┄┄┄┄┄┄┄┄┄┄┄┄┄┄┄┄┄┄┄┄┄┄┄┄┄┄┄┄┄┄┄┄┄┄┄┄┄┄┄┄┄┄┄┄┄┄┄┄┄┄┄┄┄┄┄┄┄┄┄┄┄┄┄┄┄┄┄┄┄┄┄┄┄┄┄┄┄┄┄┄┄┄┄┄┄┄┄┄┄┄┄┄┄┄┄┄┄┄┄┄┄┄┄┄┄┄┄┄┄┄<…>
flutter: \^[[38;5;12m│ 💡 🧭 BNB tapped tab 2 — switching via GoRouter<…>
flutter: \^[[38;5;12m└───────────────────────────────────────────────────────────────────────────────────────────────────────────────────────<…>
flutter: \^[[38;5;12m┌───────────────────────────────────────────────────────────────────────────────────────────────────────────────────────<…>
flutter: \^[[38;5;12m│ #0   appRouter.<anonymous closure> (package:bcc5/navigation/app_router.dart:306:16)<…>
flutter: \^[[38;5;12m├┄┄┄┄┄┄┄┄┄┄┄┄┄┄┄┄┄┄┄┄┄┄┄┄┄┄┄┄┄┄┄┄┄┄┄┄┄┄┄┄┄┄┄┄┄┄┄┄┄┄┄┄┄┄┄┄┄┄┄┄┄┄┄┄┄┄┄┄┄┄┄┄┄┄┄┄┄┄┄┄┄┄┄┄┄┄┄┄┄┄┄┄┄┄┄┄┄┄┄┄┄┄┄┄┄┄┄┄┄┄┄┄┄┄┄┄┄┄┄<…>
flutter: \^[[38;5;12m│ 💡 🧩 Entering PartZoneScreen<…>
flutter: \^[[38;5;12m└───────────────────────────────────────────────────────────────────────────────────────────────────────────────────────<…>

══╡ EXCEPTION CAUGHT BY WIDGETS LIBRARY ╞═══════════════════════════════════════════════════════════
The following _TypeError was thrown building _CustomNavigator-[GlobalObjectKey int#b384d](state:
_CustomNavigatorState#0a961):
type 'Null' is not a subtype of type 'GlobalKey<State<StatefulWidget>>'

The relevant error-causing widget was:
  _CustomNavigator-[GlobalObjectKey int#b384d]
  _CustomNavigator:file:///Users/david/.pub-cache/hosted/pub.dev/go_router-14.8.1/lib/src/builder.dart:112:7

When the exception was thrown, this was the stack:
#0      appRouter.<anonymous closure> (package:bcc5/navigation/app_router.dart:317:29)
#1      _CustomNavigatorState._buildPageForGoRoute (package:go_router/src/builder.dart:247:45)
#2      _CustomNavigatorState._buildPage (package:go_router/src/builder.dart:233:14)
#3      _CustomNavigatorState._updatePages (package:go_router/src/builder.dart:213:37)
#4      _CustomNavigatorState.build (package:go_router/src/builder.dart:431:7)
#5      StatefulElement.build (package:flutter/src/widgets/framework.dart:5841:27)
#6      ComponentElement.performRebuild (package:flutter/src/widgets/framework.dart:5733:15)
#7      StatefulElement.performRebuild (package:flutter/src/widgets/framework.dart:5892:11)
#8      Element.rebuild (package:flutter/src/widgets/framework.dart:5445:7)
#9      StatefulElement.update (package:flutter/src/widgets/framework.dart:5917:5)
#10     Element.updateChild (package:flutter/src/widgets/framework.dart:3998:15)
#11     ComponentElement.performRebuild (package:flutter/src/widgets/framework.dart:5756:16)
#12     Element.rebuild (package:flutter/src/widgets/framework.dart:5445:7)
#13     ProxyElement.update (package:flutter/src/widgets/framework.dart:6059:5)
#14     Element.updateChild (package:flutter/src/widgets/framework.dart:3998:15)
#15     ComponentElement.performRebuild (package:flutter/src/widgets/framework.dart:5756:16)
#16     Element.rebuild (package:flutter/src/widgets/framework.dart:5445:7)
#17     StatelessElement.update (package:flutter/src/widgets/framework.dart:5805:5)
#18     Element.updateChild (package:flutter/src/widgets/framework.dart:3998:15)
#19     ComponentElement.performRebuild (package:flutter/src/widgets/framework.dart:5756:16)
#20     Element.rebuild (package:flutter/src/widgets/framework.dart:5445:7)
#21     ProxyElement.update (package:flutter/src/widgets/framework.dart:6059:5)
#22     Element.updateChild (package:flutter/src/widgets/framework.dart:3998:15)
#23     ComponentElement.performRebuild (package:flutter/src/widgets/framework.dart:5756:16)
#24     Element.rebuild (package:flutter/src/widgets/framework.dart:5445:7)
#25     ProxyElement.update (package:flutter/src/widgets/framework.dart:6059:5)
#26     Element.updateChild (package:flutter/src/widgets/framework.dart:3998:15)
#27     ComponentElement.performRebuild (package:flutter/src/widgets/framework.dart:5756:16)
#28     StatefulElement.performRebuild (package:flutter/src/widgets/framework.dart:5892:11)
#29     Element.rebuild (package:flutter/src/widgets/framework.dart:5445:7)
#30     BuildScope._tryRebuild (package:flutter/src/widgets/framework.dart:2704:15)
#31     BuildScope._flushDirtyElements (package:flutter/src/widgets/framework.dart:2762:11)
#32     BuildOwner.buildScope (package:flutter/src/widgets/framework.dart:3066:18)
#33     WidgetsBinding.drawFrame (package:flutter/src/widgets/binding.dart:1229:21)
#34     RendererBinding._handlePersistentFrameCallback (package:flutter/src/rendering/binding.dart:482:5)
#35     SchedulerBinding._invokeFrameCallback (package:flutter/src/scheduler/binding.dart:1442:15)
#36     SchedulerBinding.handleDrawFrame (package:flutter/src/scheduler/binding.dart:1355:9)
#37     SchedulerBinding._handleDrawFrame (package:flutter/src/scheduler/binding.dart:1208:5)
#38     _invoke (dart:ui/hooks.dart:316:13)
#39     PlatformDispatcher._drawFrame (dart:ui/platform_dispatcher.dart:428:5)
#40     _drawFrame (dart:ui/hooks.dart:288:31)

════════════════════════════════════════════════════════════════════════════════════════════════════


Performing hot restart...                                       
Restarted application in 223ms.
flutter: \^[[38;5;12m┌───────────────────────────────────────────────────────────────────────────────────────────────────────────────────────<…>
flutter: \^[[38;5;12m│ #0   main (package:bcc5/main.dart:15:10)<…>
flutter: \^[[38;5;12m├┄┄┄┄┄┄┄┄┄┄┄┄┄┄┄┄┄┄┄┄┄┄┄┄┄┄┄┄┄┄┄┄┄┄┄┄┄┄┄┄┄┄┄┄┄┄┄┄┄┄┄┄┄┄┄┄┄┄┄┄┄┄┄┄┄┄┄┄┄┄┄┄┄┄┄┄┄┄┄┄┄┄┄┄┄┄┄┄┄┄┄┄┄┄┄┄┄┄┄┄┄┄┄┄┄┄┄┄┄┄┄┄┄┄┄┄┄┄┄<…>
flutter: \^[[38;5;12m│ 💡 🚀 App Launch | Emergency Reminder: true<…>
flutter: \^[[38;5;12m│ 💡 🚀🚀🚀🚀🚀🚀🚀🚀🚀🚀🚀🚀🚀🚀🚀🚀🚀🚀🚀🚀🚀🚀🚀🚀🚀🚀🚀🚀🚀<…>
flutter: \^[[38;5;12m│ 💡 🌕🌕🌕🌕🌕 APP LAUNCH 🌕🌕🌕🌕🌕<…>
flutter: \^[[38;5;12m│ 💡 🌕🌕🌕🌕🌕 APP LAUNCH 🌕🌕🌕🌕🌕<…>
flutter: \^[[38;5;12m│ 💡 🌕🌕🌕🌕🌕 APP LAUNCH 🌕🌕🌕🌕🌕<…>
flutter: \^[[38;5;12m│ 💡 <…>
flutter: \^[[38;5;12m└───────────────────────────────────────────────────────────────────────────────────────────────────────────────────────<…>
flutter: \^[[38;5;12m┌───────────────────────────────────────────────────────────────────────────────────────────────────────────────────────<…>
flutter: \^[[38;5;12m│ #0   appRouter.<anonymous closure> (package:bcc5/navigation/app_router.dart:35:16)<…>
flutter: \^[[38;5;12m├┄┄┄┄┄┄┄┄┄┄┄┄┄┄┄┄┄┄┄┄┄┄┄┄┄┄┄┄┄┄┄┄┄┄┄┄┄┄┄┄┄┄┄┄┄┄┄┄┄┄┄┄┄┄┄┄┄┄┄┄┄┄┄┄┄┄┄┄┄┄┄┄┄┄┄┄┄┄┄┄┄┄┄┄┄┄┄┄┄┄┄┄┄┄┄┄┄┄┄┄┄┄┄┄┄┄┄┄┄┄┄┄┄┄┄┄┄┄┄<…>
flutter: \^[[38;5;12m│ 💡 🏁 Entering LandingScreen<…>
flutter: \^[[38;5;12m└───────────────────────────────────────────────────────────────────────────────────────────────────────────────────────<…>
flutter: \^[[38;5;208m┌───────────────────────────────────────────────────────────────────────────────────────────────────────────────────────<…>
flutter: \^[[38;5;208m│ #0   TransitionManager.buildCustomTransition.<anonymous closure> (package:bcc5/utils/transition_manager.dart:94:22)<…>
flutter: \^[[38;5;208m├┄┄┄┄┄┄┄┄┄┄┄┄┄┄┄┄┄┄┄┄┄┄┄┄┄┄┄┄┄┄┄┄┄┄┄┄┄┄┄┄┄┄┄┄┄┄┄┄┄┄┄┄┄┄┄┄┄┄┄┄┄┄┄┄┄┄┄┄┄┄┄┄┄┄┄┄┄┄┄┄┄┄┄┄┄┄┄┄┄┄┄┄┄┄┄┄┄┄┄┄┄┄┄┄┄┄┄┄┄┄┄┄┄┄┄┄┄┄┄<…>
flutter: \^[[38;5;208m│ ⚠️ [TransitionManager] ❗ Missing detailRoute in .extra — defaulting to DetailRoute.branch<…>
flutter: \^[[38;5;208m└───────────────────────────────────────────────────────────────────────────────────────────────────────────────────────<…>
flutter: \^[[38;5;12m┌───────────────────────────────────────────────────────────────────────────────────────────────────────────────────────<…>
flutter: \^[[38;5;12m│ #0   TransitionManager.buildCustomTransition (package:bcc5/utils/transition_manager.dart:111:12)<…>
flutter: \^[[38;5;12m├┄┄┄┄┄┄┄┄┄┄┄┄┄┄┄┄┄┄┄┄┄┄┄┄┄┄┄┄┄┄┄┄┄┄┄┄┄┄┄┄┄┄┄┄┄┄┄┄┄┄┄┄┄┄┄┄┄┄┄┄┄┄┄┄┄┄┄┄┄┄┄┄┄┄┄┄┄┄┄┄┄┄┄┄┄┄┄┄┄┄┄┄┄┄┄┄┄┄┄┄┄┄┄┄┄┄┄┄┄┄┄┄┄┄┄┄┄┄┄<…>
flutter: \^[[38;5;12m│ 💡 [TransitionManager] buildCustomTransition → detailRoute: DetailRoute.branch | transitionType: TransitionType.instant | slideFrom: SlideDirection.none<…>
flutter: \^[[38;5;12m└───────────────────────────────────────────────────────────────────────────────────────────────────────────────────────<…>
flutter: ┌───────────────────────────────────────────────────────────────────────────────────────────────────────────────────────
flutter: │ #0   MainScaffold.build (package:bcc5/navigation/main_scaffold.dart:41:12)
flutter: ├┄┄┄┄┄┄┄┄┄┄┄┄┄┄┄┄┄┄┄┄┄┄┄┄┄┄┄┄┄┄┄┄┄┄┄┄┄┄┄┄┄┄┄┄┄┄┄┄┄┄┄┄┄┄┄┄┄┄┄┄┄┄┄┄┄┄┄┄┄┄┄┄┄┄┄┄┄┄┄┄┄┄┄┄┄┄┄┄┄┄┄┄┄┄┄┄┄┄┄┄┄┄┄┄┄┄┄┄┄┄┄┄┄┄┄┄┄┄┄
flutter: │ 🐛 🔷 Building MainScaffold, tab index: 0
flutter: └───────────────────────────────────────────────────────────────────────────────────────────────────────────────────────
flutter: \^[[38;5;12m┌───────────────────────────────────────────────────────────────────────────────────────────────────────────────────────<…>
flutter: \^[[38;5;12m│ #0   MainScaffold._onItemTapped (package:bcc5/navigation/main_scaffold.dart:24:12)<…>
flutter: \^[[38;5;12m├┄┄┄┄┄┄┄┄┄┄┄┄┄┄┄┄┄┄┄┄┄┄┄┄┄┄┄┄┄┄┄┄┄┄┄┄┄┄┄┄┄┄┄┄┄┄┄┄┄┄┄┄┄┄┄┄┄┄┄┄┄┄┄┄┄┄┄┄┄┄┄┄┄┄┄┄┄┄┄┄┄┄┄┄┄┄┄┄┄┄┄┄┄┄┄┄┄┄┄┄┄┄┄┄┄┄┄┄┄┄┄┄┄┄┄┄┄┄┄<…>
flutter: \^[[38;5;12m│ 💡 🧭 BNB tapped tab 4 — switching via GoRouter<…>
flutter: \^[[38;5;12m└───────────────────────────────────────────────────────────────────────────────────────────────────────────────────────<…>
flutter: \^[[38;5;12m┌───────────────────────────────────────────────────────────────────────────────────────────────────────────────────────<…>
flutter: \^[[38;5;12m│ #0   appRouter.<anonymous closure> (package:bcc5/navigation/app_router.dart:513:16)<…>
flutter: \^[[38;5;12m├┄┄┄┄┄┄┄┄┄┄┄┄┄┄┄┄┄┄┄┄┄┄┄┄┄┄┄┄┄┄┄┄┄┄┄┄┄┄┄┄┄┄┄┄┄┄┄┄┄┄┄┄┄┄┄┄┄┄┄┄┄┄┄┄┄┄┄┄┄┄┄┄┄┄┄┄┄┄┄┄┄┄┄┄┄┄┄┄┄┄┄┄┄┄┄┄┄┄┄┄┄┄┄┄┄┄┄┄┄┄┄┄┄┄┄┄┄┄┄<…>
flutter: \^[[38;5;12m│ 💡 📇 Entering FlashcardCategoryScreen<…>
flutter: \^[[38;5;12m└───────────────────────────────────────────────────────────────────────────────────────────────────────────────────────<…>

══╡ EXCEPTION CAUGHT BY WIDGETS LIBRARY ╞═══════════════════════════════════════════════════════════
The following _TypeError was thrown building _CustomNavigator-[GlobalObjectKey int#c8909](state:
_CustomNavigatorState#00c04):
type 'Null' is not a subtype of type 'GlobalKey<State<StatefulWidget>>'

The relevant error-causing widget was:
  _CustomNavigator-[GlobalObjectKey int#c8909]
  _CustomNavigator:file:///Users/david/.pub-cache/hosted/pub.dev/go_router-14.8.1/lib/src/builder.dart:112:7

When the exception was thrown, this was the stack:
#0      appRouter.<anonymous closure> (package:bcc5/navigation/app_router.dart:531:29)
#1      _CustomNavigatorState._buildPageForGoRoute (package:go_router/src/builder.dart:247:45)
#2      _CustomNavigatorState._buildPage (package:go_router/src/builder.dart:233:14)
#3      _CustomNavigatorState._updatePages (package:go_router/src/builder.dart:213:37)
#4      _CustomNavigatorState.build (package:go_router/src/builder.dart:431:7)
#5      StatefulElement.build (package:flutter/src/widgets/framework.dart:5841:27)
#6      ComponentElement.performRebuild (package:flutter/src/widgets/framework.dart:5733:15)
#7      StatefulElement.performRebuild (package:flutter/src/widgets/framework.dart:5892:11)
#8      Element.rebuild (package:flutter/src/widgets/framework.dart:5445:7)
#9      StatefulElement.update (package:flutter/src/widgets/framework.dart:5917:5)
#10     Element.updateChild (package:flutter/src/widgets/framework.dart:3998:15)
#11     ComponentElement.performRebuild (package:flutter/src/widgets/framework.dart:5756:16)
#12     Element.rebuild (package:flutter/src/widgets/framework.dart:5445:7)
#13     ProxyElement.update (package:flutter/src/widgets/framework.dart:6059:5)
#14     Element.updateChild (package:flutter/src/widgets/framework.dart:3998:15)
#15     ComponentElement.performRebuild (package:flutter/src/widgets/framework.dart:5756:16)
#16     Element.rebuild (package:flutter/src/widgets/framework.dart:5445:7)
#17     StatelessElement.update (package:flutter/src/widgets/framework.dart:5805:5)
#18     Element.updateChild (package:flutter/src/widgets/framework.dart:3998:15)
#19     ComponentElement.performRebuild (package:flutter/src/widgets/framework.dart:5756:16)
#20     Element.rebuild (package:flutter/src/widgets/framework.dart:5445:7)
#21     ProxyElement.update (package:flutter/src/widgets/framework.dart:6059:5)
#22     Element.updateChild (package:flutter/src/widgets/framework.dart:3998:15)
#23     ComponentElement.performRebuild (package:flutter/src/widgets/framework.dart:5756:16)
#24     Element.rebuild (package:flutter/src/widgets/framework.dart:5445:7)
#25     ProxyElement.update (package:flutter/src/widgets/framework.dart:6059:5)
#26     Element.updateChild (package:flutter/src/widgets/framework.dart:3998:15)
#27     ComponentElement.performRebuild (package:flutter/src/widgets/framework.dart:5756:16)
#28     StatefulElement.performRebuild (package:flutter/src/widgets/framework.dart:5892:11)
#29     Element.rebuild (package:flutter/src/widgets/framework.dart:5445:7)
#30     BuildScope._tryRebuild (package:flutter/src/widgets/framework.dart:2704:15)
#31     BuildScope._flushDirtyElements (package:flutter/src/widgets/framework.dart:2762:11)
#32     BuildOwner.buildScope (package:flutter/src/widgets/framework.dart:3066:18)
#33     WidgetsBinding.drawFrame (package:flutter/src/widgets/binding.dart:1229:21)
#34     RendererBinding._handlePersistentFrameCallback (package:flutter/src/rendering/binding.dart:482:5)
#35     SchedulerBinding._invokeFrameCallback (package:flutter/src/scheduler/binding.dart:1442:15)
#36     SchedulerBinding.handleDrawFrame (package:flutter/src/scheduler/binding.dart:1355:9)
#37     SchedulerBinding._handleDrawFrame (package:flutter/src/scheduler/binding.dart:1208:5)
#38     _invoke (dart:ui/hooks.dart:316:13)
#39     PlatformDispatcher._drawFrame (dart:ui/platform_dispatcher.dart:428:5)
#40     _drawFrame (dart:ui/hooks.dart:288:31)

════════════════════════════════════════════════════════════════════════════════════════════════════


Application finished.
